Archive member included to satisfy reference by file (symbol)

D:/STM32CubeIDE_1.16.0/STM32CubeIDE/plugins/com.st.stm32cube.ide.mcu.externaltools.gnu-tools-for-stm32.12.3.rel1.win32_1.1.0.202410251130/tools/bin/../lib/gcc/arm-none-eabi/12.3.1/../../../../arm-none-eabi/lib/thumb/v7-m/nofp\libc_nano.a(libc_a-exit.o)
                              D:/STM32CubeIDE_1.16.0/STM32CubeIDE/plugins/com.st.stm32cube.ide.mcu.externaltools.gnu-tools-for-stm32.12.3.rel1.win32_1.1.0.202410251130/tools/bin/../lib/gcc/arm-none-eabi/12.3.1/../../../../arm-none-eabi/lib/thumb/v7-m/nofp/crt0.o (exit)
D:/STM32CubeIDE_1.16.0/STM32CubeIDE/plugins/com.st.stm32cube.ide.mcu.externaltools.gnu-tools-for-stm32.12.3.rel1.win32_1.1.0.202410251130/tools/bin/../lib/gcc/arm-none-eabi/12.3.1/../../../../arm-none-eabi/lib/thumb/v7-m/nofp\libc_nano.a(libc_a-findfp.o)
                              ./Middlewares/Third_Party/FreeRTOS/Source/tasks.o (__sf)
D:/STM32CubeIDE_1.16.0/STM32CubeIDE/plugins/com.st.stm32cube.ide.mcu.externaltools.gnu-tools-for-stm32.12.3.rel1.win32_1.1.0.202410251130/tools/bin/../lib/gcc/arm-none-eabi/12.3.1/../../../../arm-none-eabi/lib/thumb/v7-m/nofp\libc_nano.a(libc_a-fwalk.o)
                              D:/STM32CubeIDE_1.16.0/STM32CubeIDE/plugins/com.st.stm32cube.ide.mcu.externaltools.gnu-tools-for-stm32.12.3.rel1.win32_1.1.0.202410251130/tools/bin/../lib/gcc/arm-none-eabi/12.3.1/../../../../arm-none-eabi/lib/thumb/v7-m/nofp\libc_nano.a(libc_a-findfp.o) (_fwalk_sglue)
D:/STM32CubeIDE_1.16.0/STM32CubeIDE/plugins/com.st.stm32cube.ide.mcu.externaltools.gnu-tools-for-stm32.12.3.rel1.win32_1.1.0.202410251130/tools/bin/../lib/gcc/arm-none-eabi/12.3.1/../../../../arm-none-eabi/lib/thumb/v7-m/nofp\libc_nano.a(libc_a-printf.o)
                              ./Core/Src/main.o (printf)
D:/STM32CubeIDE_1.16.0/STM32CubeIDE/plugins/com.st.stm32cube.ide.mcu.externaltools.gnu-tools-for-stm32.12.3.rel1.win32_1.1.0.202410251130/tools/bin/../lib/gcc/arm-none-eabi/12.3.1/../../../../arm-none-eabi/lib/thumb/v7-m/nofp\libc_nano.a(libc_a-puts.o)
                              ./Core/Src/main.o (puts)
D:/STM32CubeIDE_1.16.0/STM32CubeIDE/plugins/com.st.stm32cube.ide.mcu.externaltools.gnu-tools-for-stm32.12.3.rel1.win32_1.1.0.202410251130/tools/bin/../lib/gcc/arm-none-eabi/12.3.1/../../../../arm-none-eabi/lib/thumb/v7-m/nofp\libc_nano.a(libc_a-stdio.o)
                              D:/STM32CubeIDE_1.16.0/STM32CubeIDE/plugins/com.st.stm32cube.ide.mcu.externaltools.gnu-tools-for-stm32.12.3.rel1.win32_1.1.0.202410251130/tools/bin/../lib/gcc/arm-none-eabi/12.3.1/../../../../arm-none-eabi/lib/thumb/v7-m/nofp\libc_nano.a(libc_a-findfp.o) (__sread)
D:/STM32CubeIDE_1.16.0/STM32CubeIDE/plugins/com.st.stm32cube.ide.mcu.externaltools.gnu-tools-for-stm32.12.3.rel1.win32_1.1.0.202410251130/tools/bin/../lib/gcc/arm-none-eabi/12.3.1/../../../../arm-none-eabi/lib/thumb/v7-m/nofp\libc_nano.a(libc_a-wbuf.o)
                              D:/STM32CubeIDE_1.16.0/STM32CubeIDE/plugins/com.st.stm32cube.ide.mcu.externaltools.gnu-tools-for-stm32.12.3.rel1.win32_1.1.0.202410251130/tools/bin/../lib/gcc/arm-none-eabi/12.3.1/../../../../arm-none-eabi/lib/thumb/v7-m/nofp\libc_nano.a(libc_a-puts.o) (__swbuf_r)
D:/STM32CubeIDE_1.16.0/STM32CubeIDE/plugins/com.st.stm32cube.ide.mcu.externaltools.gnu-tools-for-stm32.12.3.rel1.win32_1.1.0.202410251130/tools/bin/../lib/gcc/arm-none-eabi/12.3.1/../../../../arm-none-eabi/lib/thumb/v7-m/nofp\libc_nano.a(libc_a-wsetup.o)
                              D:/STM32CubeIDE_1.16.0/STM32CubeIDE/plugins/com.st.stm32cube.ide.mcu.externaltools.gnu-tools-for-stm32.12.3.rel1.win32_1.1.0.202410251130/tools/bin/../lib/gcc/arm-none-eabi/12.3.1/../../../../arm-none-eabi/lib/thumb/v7-m/nofp\libc_nano.a(libc_a-puts.o) (__swsetup_r)
D:/STM32CubeIDE_1.16.0/STM32CubeIDE/plugins/com.st.stm32cube.ide.mcu.externaltools.gnu-tools-for-stm32.12.3.rel1.win32_1.1.0.202410251130/tools/bin/../lib/gcc/arm-none-eabi/12.3.1/../../../../arm-none-eabi/lib/thumb/v7-m/nofp\libc_nano.a(libc_a-memset.o)
                              D:/STM32CubeIDE_1.16.0/STM32CubeIDE/plugins/com.st.stm32cube.ide.mcu.externaltools.gnu-tools-for-stm32.12.3.rel1.win32_1.1.0.202410251130/tools/bin/../lib/gcc/arm-none-eabi/12.3.1/../../../../arm-none-eabi/lib/thumb/v7-m/nofp/crt0.o (memset)
D:/STM32CubeIDE_1.16.0/STM32CubeIDE/plugins/com.st.stm32cube.ide.mcu.externaltools.gnu-tools-for-stm32.12.3.rel1.win32_1.1.0.202410251130/tools/bin/../lib/gcc/arm-none-eabi/12.3.1/../../../../arm-none-eabi/lib/thumb/v7-m/nofp\libc_nano.a(libc_a-closer.o)
                              D:/STM32CubeIDE_1.16.0/STM32CubeIDE/plugins/com.st.stm32cube.ide.mcu.externaltools.gnu-tools-for-stm32.12.3.rel1.win32_1.1.0.202410251130/tools/bin/../lib/gcc/arm-none-eabi/12.3.1/../../../../arm-none-eabi/lib/thumb/v7-m/nofp\libc_nano.a(libc_a-stdio.o) (_close_r)
[...]
Memory Configuration

Name             Origin             Length             Attributes
RAM              0x20000000         0x00005000         xrw
FLASH            0x08000000         0x00010000         xr
*default*        0x00000000         0xffffffff

Linker script and memory map

LOAD D:/STM32CubeIDE_1.16.0/STM32CubeIDE/plugins/com.st.stm32cube.ide.mcu.externaltools.gnu-tools-for-stm32.12.3.rel1.win32_1.1.0.202410251130/tools/bin/../lib/gcc/arm-none-eabi/12.3.1/thumb/v7-m/nofp/crti.o
LOAD D:/STM32CubeIDE_1.16.0/STM32CubeIDE/plugins/com.st.stm32cube.ide.mcu.externaltools.gnu-tools-for-stm32.12.3.rel1.win32_1.1.0.202410251130/tools/bin/../lib/gcc/arm-none-eabi/12.3.1/thumb/v7-m/nofp/crtbegin.o
LOAD D:/STM32CubeIDE_1.16.0/STM32CubeIDE/plugins/com.st.stm32cube.ide.mcu.externaltools.gnu-tools-for-stm32.12.3.rel1.win32_1.1.0.202410251130/tools/bin/../lib/gcc/arm-none-eabi/12.3.1/../../../../arm-none-eabi/lib/thumb/v7-m/nofp/crt0.o
LOAD ./Core/Src/dht22.o
LOAD ./Core/Src/freertos.o
LOAD ./Core/Src/main.o
LOAD ./Core/Src/stm32f1xx_hal_msp.o
LOAD ./Core/Src/stm32f1xx_hal_timebase_tim.o
LOAD ./Core/Src/stm32f1xx_it.o
LOAD ./Core/Src/syscalls.o
LOAD ./Core/Src/sysmem.o
LOAD ./Core/Src/system_stm32f1xx.o
LOAD ./Core/Startup/startup_stm32f103c8tx.o
LOAD ./Drivers/STM32F1xx_HAL_Driver/Src/stm32f1xx_hal.o
LOAD ./Drivers/STM32F1xx_HAL_Driver/Src/stm32f1xx_hal_cortex.o
LOAD ./Drivers/STM32F1xx_HAL_Driver/Src/stm32f1xx_hal_dma.o
LOAD ./Drivers/STM32F1xx_HAL_Driver/Src/stm32f1xx_hal_exti.o
LOAD ./Drivers/STM32F1xx_HAL_Driver/Src/stm32f1xx_hal_flash.o
LOAD ./Drivers/STM32F1xx_HAL_Driver/Src/stm32f1xx_hal_flash_ex.o
LOAD ./Drivers/STM32F1xx_HAL_Driver/Src/stm32f1xx_hal_gpio.o
LOAD ./Drivers/STM32F1xx_HAL_Driver/Src/stm32f1xx_hal_gpio_ex.o
LOAD ./Drivers/STM32F1xx_HAL_Driver/Src/stm32f1xx_hal_i2c.o
LOAD ./Drivers/STM32F1xx_HAL_Driver/Src/stm32f1xx_hal_pcd.o
LOAD ./Drivers/STM32F1xx_HAL_Driver/Src/stm32f1xx_hal_pcd_ex.o
LOAD ./Drivers/STM32F1xx_HAL_Driver/Src/stm32f1xx_hal_pwr.o
LOAD ./Drivers/STM32F1xx_HAL_Driver/Src/stm32f1xx_hal_rcc.o
LOAD ./Drivers/STM32F1xx_HAL_Driver/Src/stm32f1xx_hal_rcc_ex.o
LOAD ./Drivers/STM32F1xx_HAL_Driver/Src/stm32f1xx_hal_tim.o
LOAD ./Drivers/STM32F1xx_HAL_Driver/Src/stm32f1xx_hal_tim_ex.o
LOAD ./Drivers/STM32F1xx_HAL_Driver/Src/stm32f1xx_ll_usb.o
LOAD ./Middlewares/ST/STM32_USB_Device_Library/Class/CDC/Src/usbd_cdc.o
LOAD ./Middlewares/ST/STM32_USB_Device_Library/Core/Src/usbd_core.o
LOAD ./Middlewares/ST/STM32_USB_Device_Library/Core/Src/usbd_ctlreq.o
LOAD ./Middlewares/ST/STM32_USB_Device_Library/Core/Src/usbd_ioreq.o
LOAD ./Middlewares/Third_Party/FreeRTOS/Source/CMSIS_RTOS_V2/cmsis_os2.o
LOAD ./Middlewares/Third_Party/FreeRTOS/Source/croutine.o
LOAD ./Middlewares/Third_Party/FreeRTOS/Source/event_groups.o
LOAD ./Middlewares/Third_Party/FreeRTOS/Source/list.o
LOAD ./Middlewares/Third_Party/FreeRTOS/Source/queue.o
LOAD ./Middlewares/Third_Party/FreeRTOS/Source/stream_buffer.o
LOAD ./Middlewares/Third_Party/FreeRTOS/Source/tasks.o
LOAD ./Middlewares/Third_Party/FreeRTOS/Source/timers.o
LOAD ./Middlewares/Third_Party/FreeRTOS/Source/portable/GCC/ARM_CM3/port.o
LOAD ./Middlewares/Third_Party/FreeRTOS/Source/portable/MemMang/heap_4.o
LOAD ./USB_DEVICE/App/usb_device.o
LOAD ./USB_DEVICE/App/usbd_cdc_if.o
LOAD ./USB_DEVICE/App/usbd_desc.o
LOAD ./USB_DEVICE/Target/usbd_conf.o
START GROUP
LOAD D:/STM32CubeIDE_1.16.0/STM32CubeIDE/plugins/com.st.stm32cube.ide.mcu.externaltools.gnu-tools-for-stm32.12.3.rel1.win32_1.1.0.202410251130/tools/bin/../lib/gcc/arm-none-eabi/12.3.1/../../../../arm-none-eabi/lib/thumb/v7-m/nofp\libc_nano.a
LOAD D:/STM32CubeIDE_1.16.0/STM32CubeIDE/plugins/com.st.stm32cube.ide.mcu.externaltools.gnu-tools-for-stm32.12.3.rel1.win32_1.1.0.202410251130/tools/bin/../lib/gcc/arm-none-eabi/12.3.1/../../../../arm-none-eabi/lib/thumb/v7-m/nofp\libm.a
END GROUP
START GROUP
LOAD D:/STM32CubeIDE_1.16.0/STM32CubeIDE/plugins/com.st.stm32cube.ide.mcu.externaltools.gnu-tools-for-stm32.12.3.rel1.win32_1.1.0.202410251130/tools/bin/../lib/gcc/arm-none-eabi/12.3.1/thumb/v7-m/nofp\libgcc.a
LOAD D:/STM32CubeIDE_1.16.0/STM32CubeIDE/plugins/com.st.stm32cube.ide.mcu.externaltools.gnu-tools-for-stm32.12.3.rel1.win32_1.1.0.202410251130/tools/bin/../lib/gcc/arm-none-eabi/12.3.1/../../../../arm-none-eabi/lib/thumb/v7-m/nofp\libc_nano.a
END GROUP
START GROUP
LOAD D:/STM32CubeIDE_1.16.0/STM32CubeIDE/plugins/com.st.stm32cube.ide.mcu.externaltools.gnu-tools-for-stm32.12.3.rel1.win32_1.1.0.202410251130/tools/bin/../lib/gcc/arm-none-eabi/12.3.1/thumb/v7-m/nofp\libgcc.a
LOAD D:/STM32CubeIDE_1.16.0/STM32CubeIDE/plugins/com.st.stm32cube.ide.mcu.externaltools.gnu-tools-for-stm32.12.3.rel1.win32_1.1.0.202410251130/tools/bin/../lib/gcc/arm-none-eabi/12.3.1/../../../../arm-none-eabi/lib/thumb/v7-m/nofp\libc_nano.a
LOAD D:/STM32CubeIDE_1.16.0/STM32CubeIDE/plugins/com.st.stm32cube.ide.mcu.externaltools.gnu-tools-for-stm32.12.3.rel1.win32_1.1.0.202410251130/tools/bin/../lib/gcc/arm-none-eabi/12.3.1/../../../../arm-none-eabi/lib/thumb/v7-m/nofp\libnosys.a
END GROUP
START GROUP
LOAD D:/STM32CubeIDE_1.16.0/STM32CubeIDE/plugins/com.st.stm32cube.ide.mcu.externaltools.gnu-tools-for-stm32.12.3.rel1.win32_1.1.0.202410251130/tools/bin/../lib/gcc/arm-none-eabi/12.3.1/thumb/v7-m/nofp\libgcc.a
LOAD D:/STM32CubeIDE_1.16.0/STM32CubeIDE/plugins/com.st.stm32cube.ide.mcu.externaltools.gnu-tools-for-stm32.12.3.rel1.win32_1.1.0.202410251130/tools/bin/../lib/gcc/arm-none-eabi/12.3.1/../../../../arm-none-eabi/lib/thumb/v7-m/nofp\libc_nano.a
LOAD D:/STM32CubeIDE_1.16.0/STM32CubeIDE/plugins/com.st.stm32cube.ide.mcu.externaltools.gnu-tools-for-stm32.12.3.rel1.win32_1.1.0.202410251130/tools/bin/../lib/gcc/arm-none-eabi/12.3.1/../../../../arm-none-eabi/lib/thumb/v7-m/nofp\libnosys.a
END GROUP
LOAD D:/STM32CubeIDE_1.16.0/STM32CubeIDE/plugins/com.st.stm32cube.ide.mcu.externaltools.gnu-tools-for-stm32.12.3.rel1.win32_1.1.0.202410251130/tools/bin/../lib/gcc/arm-none-eabi/12.3.1/thumb/v7-m/nofp/crtend.o
LOAD D:/STM32CubeIDE_1.16.0/STM32CubeIDE/plugins/com.st.stm32cube.ide.mcu.externaltools.gnu-tools-for-stm32.12.3.rel1.win32_1.1.0.202410251130/tools/bin/../lib/gcc/arm-none-eabi/12.3.1/thumb/v7-m/nofp/crtn.o
                0x20005000                        _estack = (ORIGIN (RAM) + LENGTH (RAM))
                0x00000200                        _Min_Heap_Size = 0x200
                0x00000400                        _Min_Stack_Size = 0x400

.isr_vector     0x08000000      0x10c
                0x08000000                        . = ALIGN (0x4)
 *(.isr_vector)
 .isr_vector    0x08000000      0x10c ./Core/Startup/startup_stm32f103c8tx.o
                0x08000000                g_pfnVectors
                0x0800010c                        . = ALIGN (0x4)

.text           0x08000110     0xd67c
                0x08000110                        . = ALIGN (0x4)
 *(.text)
 .text          0x08000110       0x40 D:/STM32CubeIDE_1.16.0/STM32CubeIDE/plugins/com.st.stm32cube.ide.mcu.externaltools.gnu-tools-for-stm32.12.3.rel1.win32_1.1.0.202410251130/tools/bin/../lib/gcc/arm-none-eabi/12.3.1/thumb/v7-m/nofp/crtbegin.o
 .text          0x08000150       0x14 D:/STM32CubeIDE_1.16.0/STM32CubeIDE/plugins/com.st.stm32cube.ide.mcu.externaltools.gnu-tools-for-stm32.12.3.rel1.win32_1.1.0.202410251130/tools/bin/../lib/gcc/arm-none-eabi/12.3.1/../../../../arm-none-eabi/lib/thumb/v7-m/nofp\libc_nano.a(libc_a-strcmp.o)
                0x08000150                strcmp
 .text          0x08000164      0x21c D:/STM32CubeIDE_1.16.0/STM32CubeIDE/plugins/com.st.stm32cube.ide.mcu.externaltools.gnu-tools-for-stm32.12.3.rel1.win32_1.1.0.202410251130/tools/bin/../lib/gcc/arm-none-eabi/12.3.1/thumb/v7-m/nofp\libgcc.a(_arm_addsubsf3.o)
                0x08000164                __aeabi_frsub
                0x0800016c                __subsf3
                0x0800016c                __aeabi_fsub
                0x08000170                __aeabi_fadd
                0x08000170                __addsf3
                0x080002d0                __aeabi_ui2f
                0x080002d0                __floatunsisf
                0x080002d8                __aeabi_i2f
                0x080002d8                __floatsisf
                0x080002f4                __aeabi_ul2f
                0x080002f4                __floatundisf
                0x08000304                __aeabi_l2f
                0x08000304                __floatdisf
 .text          0x08000380      0x2a0 D:/STM32CubeIDE_1.16.0/STM32CubeIDE/plugins/com.st.stm32cube.ide.mcu.externaltools.gnu-tools-for-stm32.12.3.rel1.win32_1.1.0.202410251130/tools/bin/../lib/gcc/arm-none-eabi/12.3.1/thumb/v7-m/nofp\libgcc.a(_arm_muldivsf3.o)
                0x08000380                __mulsf3
                0x08000380                __aeabi_fmul
                0x080004e8                __aeabi_fdiv
                0x080004e8                __divsf3
 .text          0x08000620       0xec D:/STM32CubeIDE_1.16.0/STM32CubeIDE/plugins/com.st.stm32cube.ide.mcu.externaltools.gnu-tools-for-stm32.12.3.rel1.win32_1.1.0.202410251130/tools/bin/../lib/gcc/arm-none-eabi/12.3.1/thumb/v7-m/nofp\libgcc.a(_arm_cmpsf2.o)
                0x08000620                __gesf2
                0x08000620                __gtsf2
                0x08000628                __lesf2
                0x08000628                __ltsf2
                0x08000630                __nesf2
                0x08000630                __eqsf2
                0x08000630                __cmpsf2
                0x08000690                __aeabi_cfrcmple
                0x08000698                __aeabi_cfcmpeq
                0x08000698                __aeabi_cfcmple
                0x080006a8                __aeabi_fcmpeq
                0x080006bc                __aeabi_fcmplt
                0x080006d0                __aeabi_fcmple
                0x080006e4                __aeabi_fcmpge
                0x080006f8                __aeabi_fcmpgt
 .text          0x0800070c       0x4c D:/STM32CubeIDE_1.16.0/STM32CubeIDE/plugins/com.st.stm32cube.ide.mcu.externaltools.gnu-tools-for-stm32.12.3.rel1.win32_1.1.0.202410251130/tools/bin/../lib/gcc/arm-none-eabi/12.3.1/thumb/v7-m/nofp\libgcc.a(_arm_fixsfsi.o)
                0x0800070c                __aeabi_f2iz
                0x0800070c                __fixsfsi
 *(.text*)
 .text.DelayMicro
                0x08000758       0x3c ./Core/Src/dht22.o
 .text.dht22_init
                0x08000794       0x54 ./Core/Src/dht22.o
                0x08000794                dht22_init
 .text.DHT22_Get_Temp
                0x080007e8      0x16c ./Core/Src/dht22.o
                0x080007e8                DHT22_Get_Temp
 .text.__io_putchar
                0x08000954       0x24 ./Core/Src/main.o
                0x08000954                __io_putchar
 .text.MPU6050_Init
                0x08000978       0xac ./Core/Src/main.o
                0x08000978                MPU6050_Init
 .text.MPU6050_Read_Accel
                0x08000a24       0xdc ./Core/Src/main.o
                0x08000a24                MPU6050_Read_Accel
 .text.CDC_ReceiveCallback
                0x08000b00       0x70 ./Core/Src/main.o
                0x08000b00                CDC_ReceiveCallback
 .text.getCurrentTimeMs
                0x08000b70        0xe ./Core/Src/main.o
                0x08000b70                getCurrentTimeMs
 *fill*         0x08000b7e        0x2 
 .text.updateTaskDeadlines
                0x08000b80       0x88 ./Core/Src/main.o
                0x08000b80                updateTaskDeadlines
 .text.getNextTask
                0x08000c08       0x54 ./Core/Src/main.o
                0x08000c08                getNextTask
 .text.runEDF   0x08000c5c       0xc0 ./Core/Src/main.o
                0x08000c5c                runEDF
 .text.main     0x08000d1c       0x68 ./Core/Src/main.o
                0x08000d1c                main
 .text.SystemClock_Config
                0x08000d84       0xb6 ./Core/Src/main.o
                0x08000d84                SystemClock_Config
 *fill*         0x08000e3a        0x2 
 .text.MX_I2C1_Init
                0x08000e3c       0x5c ./Core/Src/main.o
 .text.MX_GPIO_Init
                0x08000e98       0x94 ./Core/Src/main.o
 .text.GetTempTask
                0x08000f2c       0x44 ./Core/Src/main.o
                0x08000f2c                GetTempTask
 .text.GetAccTask
                0x08000f70       0x94 ./Core/Src/main.o
                0x08000f70                GetAccTask
 .text.HAL_TIM_PeriodElapsedCallback
                0x08001004       0x24 ./Core/Src/main.o
                0x08001004                HAL_TIM_PeriodElapsedCallback
 .text.Error_Handler
                0x08001028        0xc ./Core/Src/main.o
                0x08001028                Error_Handler
 .text.HAL_MspInit
                0x08001034       0x70 ./Core/Src/stm32f1xx_hal_msp.o
                0x08001034                HAL_MspInit
 .text.HAL_I2C_MspInit
                0x080010a4       0x7c ./Core/Src/stm32f1xx_hal_msp.o
                0x080010a4                HAL_I2C_MspInit
 .text.HAL_InitTick
                0x08001120       0xe4 ./Core/Src/stm32f1xx_hal_timebase_tim.o
                0x08001120                HAL_InitTick
 .text.NMI_Handler
                0x08001204        0x8 ./Core/Src/stm32f1xx_it.o
                0x08001204                NMI_Handler
 .text.HardFault_Handler
                0x0800120c        0x8 ./Core/Src/stm32f1xx_it.o
                0x0800120c                HardFault_Handler
 .text.MemManage_Handler
                0x08001214        0x8 ./Core/Src/stm32f1xx_it.o
                0x08001214                MemManage_Handler
 .text.BusFault_Handler
                0x0800121c        0x8 ./Core/Src/stm32f1xx_it.o
                0x0800121c                BusFault_Handler
 .text.UsageFault_Handler
                0x08001224        0x8 ./Core/Src/stm32f1xx_it.o
                0x08001224                UsageFault_Handler
 .text.DebugMon_Handler
                0x0800122c        0xc ./Core/Src/stm32f1xx_it.o
                0x0800122c                DebugMon_Handler
 .text.USB_LP_CAN1_RX0_IRQHandler
                0x08001238       0x14 ./Core/Src/stm32f1xx_it.o
                0x08001238                USB_LP_CAN1_RX0_IRQHandler
 .text.TIM1_UP_IRQHandler
                0x0800124c       0x14 ./Core/Src/stm32f1xx_it.o
                0x0800124c                TIM1_UP_IRQHandler
 .text._read    0x08001260       0x3a ./Core/Src/syscalls.o
                0x08001260                _read
 .text._write   0x0800129a       0x38 ./Core/Src/syscalls.o
                0x0800129a                _write
 .text._close   0x080012d2       0x16 ./Core/Src/syscalls.o
                0x080012d2                _close
 .text._fstat   0x080012e8       0x1e ./Core/Src/syscalls.o
                0x080012e8                _fstat
 .text._isatty  0x08001306       0x14 ./Core/Src/syscalls.o
                0x08001306                _isatty
 .text._lseek   0x0800131a       0x18 ./Core/Src/syscalls.o
                0x0800131a                _lseek
 *fill*         0x08001332        0x2 
 .text._sbrk    0x08001334       0x6c ./Core/Src/sysmem.o
                0x08001334                _sbrk
 .text.SystemInit
                0x080013a0        0xc ./Core/Src/system_stm32f1xx.o
                0x080013a0                SystemInit
 .text.Reset_Handler
                0x080013ac       0x48 ./Core/Startup/startup_stm32f103c8tx.o
                0x080013ac                Reset_Handler
 .text.Default_Handler
                0x080013f4        0x2 ./Core/Startup/startup_stm32f103c8tx.o
                0x080013f4                RTC_Alarm_IRQHandler
                0x080013f4                EXTI2_IRQHandler
                0x080013f4                TIM1_CC_IRQHandler
                0x080013f4                PVD_IRQHandler
                0x080013f4                EXTI3_IRQHandler
                0x080013f4                EXTI0_IRQHandler
                0x080013f4                I2C2_EV_IRQHandler
                0x080013f4                ADC1_2_IRQHandler
                0x080013f4                SPI1_IRQHandler
                0x080013f4                TAMPER_IRQHandler
                0x080013f4                DMA1_Channel4_IRQHandler
                0x080013f4                USART3_IRQHandler
                0x080013f4                RTC_IRQHandler
                0x080013f4                DMA1_Channel7_IRQHandler
                0x080013f4                CAN1_RX1_IRQHandler
                0x080013f4                TIM4_IRQHandler
                0x080013f4                I2C1_EV_IRQHandler
                0x080013f4                DMA1_Channel6_IRQHandler
                0x080013f4                TIM3_IRQHandler
                0x080013f4                RCC_IRQHandler
                0x080013f4                TIM1_TRG_COM_IRQHandler
                0x080013f4                DMA1_Channel1_IRQHandler
                0x080013f4                Default_Handler
                0x080013f4                EXTI15_10_IRQHandler
                0x080013f4                EXTI9_5_IRQHandler
                0x080013f4                SPI2_IRQHandler
                0x080013f4                DMA1_Channel5_IRQHandler
                0x080013f4                EXTI4_IRQHandler
                0x080013f4                USB_HP_CAN1_TX_IRQHandler
                0x080013f4                DMA1_Channel3_IRQHandler
                0x080013f4                WWDG_IRQHandler
                0x080013f4                TIM2_IRQHandler
                0x080013f4                TIM1_BRK_IRQHandler
                0x080013f4                EXTI1_IRQHandler
                0x080013f4                USART2_IRQHandler
                0x080013f4                I2C2_ER_IRQHandler
                0x080013f4                DMA1_Channel2_IRQHandler
                0x080013f4                CAN1_SCE_IRQHandler
                0x080013f4                FLASH_IRQHandler
                0x080013f4                USART1_IRQHandler
                0x080013f4                I2C1_ER_IRQHandler
                0x080013f4                USBWakeUp_IRQHandler
 *fill*         0x080013f6        0x2 
 .text.HAL_Init
                0x080013f8       0x2c ./Drivers/STM32F1xx_HAL_Driver/Src/stm32f1xx_hal.o
                0x080013f8                HAL_Init
 .text.HAL_IncTick
                0x08001424       0x24 ./Drivers/STM32F1xx_HAL_Driver/Src/stm32f1xx_hal.o
                0x08001424                HAL_IncTick
 .text.HAL_GetTick
                0x08001448       0x14 ./Drivers/STM32F1xx_HAL_Driver/Src/stm32f1xx_hal.o
                0x08001448                HAL_GetTick
 .text.HAL_Delay
                0x0800145c       0x48 ./Drivers/STM32F1xx_HAL_Driver/Src/stm32f1xx_hal.o
                0x0800145c                HAL_Delay
 .text.__NVIC_SetPriorityGrouping
                0x080014a4       0x48 ./Drivers/STM32F1xx_HAL_Driver/Src/stm32f1xx_hal_cortex.o
 .text.__NVIC_GetPriorityGrouping
                0x080014ec       0x1c ./Drivers/STM32F1xx_HAL_Driver/Src/stm32f1xx_hal_cortex.o
 .text.__NVIC_EnableIRQ
                0x08001508       0x38 ./Drivers/STM32F1xx_HAL_Driver/Src/stm32f1xx_hal_cortex.o
 .text.__NVIC_SetPriority
                0x08001540       0x54 ./Drivers/STM32F1xx_HAL_Driver/Src/stm32f1xx_hal_cortex.o
 .text.NVIC_EncodePriority
                0x08001594       0x64 ./Drivers/STM32F1xx_HAL_Driver/Src/stm32f1xx_hal_cortex.o
 .text.HAL_NVIC_SetPriorityGrouping
                0x080015f8       0x16 ./Drivers/STM32F1xx_HAL_Driver/Src/stm32f1xx_hal_cortex.o
                0x080015f8                HAL_NVIC_SetPriorityGrouping
 .text.HAL_NVIC_SetPriority
                0x0800160e       0x38 ./Drivers/STM32F1xx_HAL_Driver/Src/stm32f1xx_hal_cortex.o
                0x0800160e                HAL_NVIC_SetPriority
 .text.HAL_NVIC_EnableIRQ
                0x08001646       0x1c ./Drivers/STM32F1xx_HAL_Driver/Src/stm32f1xx_hal_cortex.o
                0x08001646                HAL_NVIC_EnableIRQ
 *fill*         0x08001662        0x2 
 .text.HAL_GPIO_Init
                0x08001664      0x308 ./Drivers/STM32F1xx_HAL_Driver/Src/stm32f1xx_hal_gpio.o
                0x08001664                HAL_GPIO_Init
 .text.HAL_GPIO_DeInit
                0x0800196c      0x178 ./Drivers/STM32F1xx_HAL_Driver/Src/stm32f1xx_hal_gpio.o
                0x0800196c                HAL_GPIO_DeInit
 .text.HAL_GPIO_ReadPin
                0x08001ae4       0x2e ./Drivers/STM32F1xx_HAL_Driver/Src/stm32f1xx_hal_gpio.o
                0x08001ae4                HAL_GPIO_ReadPin
 .text.HAL_GPIO_WritePin
                0x08001b12       0x30 ./Drivers/STM32F1xx_HAL_Driver/Src/stm32f1xx_hal_gpio.o
                0x08001b12                HAL_GPIO_WritePin
 *fill*         0x08001b42        0x2 
 .text.HAL_I2C_Init
                0x08001b44      0x288 ./Drivers/STM32F1xx_HAL_Driver/Src/stm32f1xx_hal_i2c.o
                0x08001b44                HAL_I2C_Init
 .text.HAL_I2C_Mem_Write
                0x08001dcc      0x1f4 ./Drivers/STM32F1xx_HAL_Driver/Src/stm32f1xx_hal_i2c.o
                0x08001dcc                HAL_I2C_Mem_Write
 .text.HAL_I2C_Mem_Read
                0x08001fc0      0x4e8 ./Drivers/STM32F1xx_HAL_Driver/Src/stm32f1xx_hal_i2c.o
                0x08001fc0                HAL_I2C_Mem_Read
 .text.I2C_RequestMemoryWrite
                0x080024a8      0x12c ./Drivers/STM32F1xx_HAL_Driver/Src/stm32f1xx_hal_i2c.o
 .text.I2C_RequestMemoryRead
                0x080025d4      0x1d0 ./Drivers/STM32F1xx_HAL_Driver/Src/stm32f1xx_hal_i2c.o
 .text.I2C_WaitOnFlagUntilTimeout
                0x080027a4       0xf4 ./Drivers/STM32F1xx_HAL_Driver/Src/stm32f1xx_hal_i2c.o
 .text.I2C_WaitOnMasterAddressFlagUntilTimeout
                0x08002898      0x140 ./Drivers/STM32F1xx_HAL_Driver/Src/stm32f1xx_hal_i2c.o
 .text.I2C_WaitOnTXEFlagUntilTimeout
                0x080029d8       0x90 ./Drivers/STM32F1xx_HAL_Driver/Src/stm32f1xx_hal_i2c.o
 .text.I2C_WaitOnBTFFlagUntilTimeout
                0x08002a68       0x90 ./Drivers/STM32F1xx_HAL_Driver/Src/stm32f1xx_hal_i2c.o
 .text.I2C_WaitOnRXNEFlagUntilTimeout
                0x08002af8       0xba ./Drivers/STM32F1xx_HAL_Driver/Src/stm32f1xx_hal_i2c.o
 .text.I2C_IsAcknowledgeFailed
                0x08002bb2       0x5c ./Drivers/STM32F1xx_HAL_Driver/Src/stm32f1xx_hal_i2c.o
 .text.HAL_PCD_Init
                0x08002c0e      0x1ec ./Drivers/STM32F1xx_HAL_Driver/Src/stm32f1xx_hal_pcd.o
                0x08002c0e                HAL_PCD_Init
 .text.HAL_PCD_Start
                0x08002dfa       0x4c ./Drivers/STM32F1xx_HAL_Driver/Src/stm32f1xx_hal_pcd.o
                0x08002dfa                HAL_PCD_Start
 .text.HAL_PCD_IRQHandler
                0x08002e46      0x260 ./Drivers/STM32F1xx_HAL_Driver/Src/stm32f1xx_hal_pcd.o
                0x08002e46                HAL_PCD_IRQHandler
 .text.HAL_PCD_SetAddress
                0x080030a6       0x48 ./Drivers/STM32F1xx_HAL_Driver/Src/stm32f1xx_hal_pcd.o
                0x080030a6                HAL_PCD_SetAddress
 .text.HAL_PCD_EP_Open
                0x080030ee       0xba ./Drivers/STM32F1xx_HAL_Driver/Src/stm32f1xx_hal_pcd.o
                0x080030ee                HAL_PCD_EP_Open
 .text.HAL_PCD_EP_Close
                0x080031a8       0x90 ./Drivers/STM32F1xx_HAL_Driver/Src/stm32f1xx_hal_pcd.o
                0x080031a8                HAL_PCD_EP_Close
 .text.HAL_PCD_EP_Receive
                0x08003238       0x62 ./Drivers/STM32F1xx_HAL_Driver/Src/stm32f1xx_hal_pcd.o
                0x08003238                HAL_PCD_EP_Receive
 .text.HAL_PCD_EP_GetRxCount
                0x0800329a       0x2e ./Drivers/STM32F1xx_HAL_Driver/Src/stm32f1xx_hal_pcd.o
                0x0800329a                HAL_PCD_EP_GetRxCount
 .text.HAL_PCD_EP_Transmit
                0x080032c8       0x6e ./Drivers/STM32F1xx_HAL_Driver/Src/stm32f1xx_hal_pcd.o
                0x080032c8                HAL_PCD_EP_Transmit
 .text.HAL_PCD_EP_SetStall
                0x08003336       0xc0 ./Drivers/STM32F1xx_HAL_Driver/Src/stm32f1xx_hal_pcd.o
                0x08003336                HAL_PCD_EP_SetStall
 .text.HAL_PCD_EP_ClrStall
                0x080033f6       0xa8 ./Drivers/STM32F1xx_HAL_Driver/Src/stm32f1xx_hal_pcd.o
                0x080033f6                HAL_PCD_EP_ClrStall
 .text.PCD_EP_ISR_Handler
                0x0800349e      0x79e ./Drivers/STM32F1xx_HAL_Driver/Src/stm32f1xx_hal_pcd.o
 .text.HAL_PCD_EP_DB_Receive
                0x08003c3c      0x21a ./Drivers/STM32F1xx_HAL_Driver/Src/stm32f1xx_hal_pcd.o
 .text.HAL_PCD_EP_DB_Transmit
                0x08003e56      0x7f4 ./Drivers/STM32F1xx_HAL_Driver/Src/stm32f1xx_hal_pcd.o
 .text.HAL_PCDEx_PMAConfig
                0x0800464a       0x84 ./Drivers/STM32F1xx_HAL_Driver/Src/stm32f1xx_hal_pcd_ex.o
                0x0800464a                HAL_PCDEx_PMAConfig
 *fill*         0x080046ce        0x2 
 .text.HAL_RCC_OscConfig
                0x080046d0      0x504 ./Drivers/STM32F1xx_HAL_Driver/Src/stm32f1xx_hal_rcc.o
                0x080046d0                HAL_RCC_OscConfig
 .text.HAL_RCC_ClockConfig
                0x08004bd4      0x1d4 ./Drivers/STM32F1xx_HAL_Driver/Src/stm32f1xx_hal_rcc.o
                0x08004bd4                HAL_RCC_ClockConfig
 .text.HAL_RCC_GetSysClockFreq
                0x08004da8       0xa8 ./Drivers/STM32F1xx_HAL_Driver/Src/stm32f1xx_hal_rcc.o
                0x08004da8                HAL_RCC_GetSysClockFreq
 .text.HAL_RCC_GetHCLKFreq
                0x08004e50       0x14 ./Drivers/STM32F1xx_HAL_Driver/Src/stm32f1xx_hal_rcc.o
                0x08004e50                HAL_RCC_GetHCLKFreq
 .text.HAL_RCC_GetPCLK1Freq
                0x08004e64       0x28 ./Drivers/STM32F1xx_HAL_Driver/Src/stm32f1xx_hal_rcc.o
                0x08004e64                HAL_RCC_GetPCLK1Freq
 .text.HAL_RCC_GetPCLK2Freq
                0x08004e8c       0x28 ./Drivers/STM32F1xx_HAL_Driver/Src/stm32f1xx_hal_rcc.o
                0x08004e8c                HAL_RCC_GetPCLK2Freq
 .text.HAL_RCC_GetClockConfig
                0x08004eb4       0x60 ./Drivers/STM32F1xx_HAL_Driver/Src/stm32f1xx_hal_rcc.o
                0x08004eb4                HAL_RCC_GetClockConfig
 .text.RCC_Delay
                0x08004f14       0x3c ./Drivers/STM32F1xx_HAL_Driver/Src/stm32f1xx_hal_rcc.o
 .text.HAL_RCCEx_PeriphCLKConfig
                0x08004f50      0x16c ./Drivers/STM32F1xx_HAL_Driver/Src/stm32f1xx_hal_rcc_ex.o
                0x08004f50                HAL_RCCEx_PeriphCLKConfig
 .text.HAL_TIM_Base_Init
                0x080050bc       0x9e ./Drivers/STM32F1xx_HAL_Driver/Src/stm32f1xx_hal_tim.o
                0x080050bc                HAL_TIM_Base_Init
 .text.HAL_TIM_Base_MspInit
                0x0800515a       0x12 ./Drivers/STM32F1xx_HAL_Driver/Src/stm32f1xx_hal_tim.o
                0x0800515a                HAL_TIM_Base_MspInit
 .text.HAL_TIM_Base_Start_IT
                0x0800516c       0xa4 ./Drivers/STM32F1xx_HAL_Driver/Src/stm32f1xx_hal_tim.o
                0x0800516c                HAL_TIM_Base_Start_IT
 .text.HAL_TIM_IRQHandler
                0x08005210      0x1e0 ./Drivers/STM32F1xx_HAL_Driver/Src/stm32f1xx_hal_tim.o
                0x08005210                HAL_TIM_IRQHandler
 .text.HAL_TIM_OC_DelayElapsedCallback
                0x080053f0       0x12 ./Drivers/STM32F1xx_HAL_Driver/Src/stm32f1xx_hal_tim.o
                0x080053f0                HAL_TIM_OC_DelayElapsedCallback
 .text.HAL_TIM_IC_CaptureCallback
                0x08005402       0x12 ./Drivers/STM32F1xx_HAL_Driver/Src/stm32f1xx_hal_tim.o
                0x08005402                HAL_TIM_IC_CaptureCallback
 .text.HAL_TIM_PWM_PulseFinishedCallback
                0x08005414       0x12 ./Drivers/STM32F1xx_HAL_Driver/Src/stm32f1xx_hal_tim.o
                0x08005414                HAL_TIM_PWM_PulseFinishedCallback
 .text.HAL_TIM_TriggerCallback
                0x08005426       0x12 ./Drivers/STM32F1xx_HAL_Driver/Src/stm32f1xx_hal_tim.o
                0x08005426                HAL_TIM_TriggerCallback
 .text.TIM_Base_SetConfig
                0x08005438       0xdc ./Drivers/STM32F1xx_HAL_Driver/Src/stm32f1xx_hal_tim.o
                0x08005438                TIM_Base_SetConfig
 .text.HAL_TIMEx_CommutCallback
                0x08005514       0x12 ./Drivers/STM32F1xx_HAL_Driver/Src/stm32f1xx_hal_tim_ex.o
                0x08005514                HAL_TIMEx_CommutCallback
 .text.HAL_TIMEx_BreakCallback
                0x08005526       0x12 ./Drivers/STM32F1xx_HAL_Driver/Src/stm32f1xx_hal_tim_ex.o
                0x08005526                HAL_TIMEx_BreakCallback
 .text.USB_CoreInit
                0x08005538       0x1a ./Drivers/STM32F1xx_HAL_Driver/Src/stm32f1xx_ll_usb.o
                0x08005538                USB_CoreInit
 .text.USB_EnableGlobalInt
                0x08005552       0x2c ./Drivers/STM32F1xx_HAL_Driver/Src/stm32f1xx_ll_usb.o
                0x08005552                USB_EnableGlobalInt
 .text.USB_DisableGlobalInt
                0x0800557e       0x34 ./Drivers/STM32F1xx_HAL_Driver/Src/stm32f1xx_ll_usb.o
                0x0800557e                USB_DisableGlobalInt
 .text.USB_SetCurrentMode
                0x080055b2       0x18 ./Drivers/STM32F1xx_HAL_Driver/Src/stm32f1xx_ll_usb.o
                0x080055b2                USB_SetCurrentMode
 .text.USB_DevInit
                0x080055ca       0x3a ./Drivers/STM32F1xx_HAL_Driver/Src/stm32f1xx_ll_usb.o
                0x080055ca                USB_DevInit
 .text.USB_ActivateEndpoint
                0x08005604      0x780 ./Drivers/STM32F1xx_HAL_Driver/Src/stm32f1xx_ll_usb.o
                0x08005604                USB_ActivateEndpoint
 .text.USB_DeactivateEndpoint
                0x08005d84      0x3d8 ./Drivers/STM32F1xx_HAL_Driver/Src/stm32f1xx_ll_usb.o
                0x08005d84                USB_DeactivateEndpoint
 .text.USB_EPStartXfer
                0x0800615c     0x1762 ./Drivers/STM32F1xx_HAL_Driver/Src/stm32f1xx_ll_usb.o
                0x0800615c                USB_EPStartXfer
 .text.USB_EPSetStall
                0x080078be       0xa0 ./Drivers/STM32F1xx_HAL_Driver/Src/stm32f1xx_ll_usb.o
                0x080078be                USB_EPSetStall
 .text.USB_EPClearStall
                0x0800795e      0x15a ./Drivers/STM32F1xx_HAL_Driver/Src/stm32f1xx_ll_usb.o
                0x0800795e                USB_EPClearStall
 .text.USB_SetDevAddress
                0x08007ab8       0x26 ./Drivers/STM32F1xx_HAL_Driver/Src/stm32f1xx_ll_usb.o
                0x08007ab8                USB_SetDevAddress
 .text.USB_DevConnect
                0x08007ade       0x14 ./Drivers/STM32F1xx_HAL_Driver/Src/stm32f1xx_ll_usb.o
                0x08007ade                USB_DevConnect
 .text.USB_DevDisconnect
                0x08007af2       0x14 ./Drivers/STM32F1xx_HAL_Driver/Src/stm32f1xx_ll_usb.o
                0x08007af2                USB_DevDisconnect
 .text.USB_ReadInterrupts
                0x08007b06       0x1e ./Drivers/STM32F1xx_HAL_Driver/Src/stm32f1xx_ll_usb.o
                0x08007b06                USB_ReadInterrupts
 .text.USB_EP0_OutStart
                0x08007b24       0x16 ./Drivers/STM32F1xx_HAL_Driver/Src/stm32f1xx_ll_usb.o
                0x08007b24                USB_EP0_OutStart
 .text.USB_WritePMA
                0x08007b3a       0x8a ./Drivers/STM32F1xx_HAL_Driver/Src/stm32f1xx_ll_usb.o
                0x08007b3a                USB_WritePMA
 .text.USB_ReadPMA
                0x08007bc4       0x9e ./Drivers/STM32F1xx_HAL_Driver/Src/stm32f1xx_ll_usb.o
                0x08007bc4                USB_ReadPMA
 .text.USBD_CDC_Init
                0x08007c62       0xf4 ./Middlewares/ST/STM32_USB_Device_Library/Class/CDC/Src/usbd_cdc.o
 .text.USBD_CDC_DeInit
                0x08007d56       0x6e ./Middlewares/ST/STM32_USB_Device_Library/Class/CDC/Src/usbd_cdc.o
 .text.USBD_CDC_Setup
                0x08007dc4      0x146 ./Middlewares/ST/STM32_USB_Device_Library/Class/CDC/Src/usbd_cdc.o
 .text.USBD_CDC_DataIn
                0x08007f0a       0xa6 ./Middlewares/ST/STM32_USB_Device_Library/Class/CDC/Src/usbd_cdc.o
 .text.USBD_CDC_DataOut
                0x08007fb0       0x56 ./Middlewares/ST/STM32_USB_Device_Library/Class/CDC/Src/usbd_cdc.o
 .text.USBD_CDC_EP0_RxReady
                0x08008006       0x4e ./Middlewares/ST/STM32_USB_Device_Library/Class/CDC/Src/usbd_cdc.o
 .text.USBD_CDC_GetFSCfgDesc
                0x08008054       0x20 ./Middlewares/ST/STM32_USB_Device_Library/Class/CDC/Src/usbd_cdc.o
 .text.USBD_CDC_GetHSCfgDesc
                0x08008074       0x20 ./Middlewares/ST/STM32_USB_Device_Library/Class/CDC/Src/usbd_cdc.o
 .text.USBD_CDC_GetOtherSpeedCfgDesc
                0x08008094       0x20 ./Middlewares/ST/STM32_USB_Device_Library/Class/CDC/Src/usbd_cdc.o
 .text.USBD_CDC_GetDeviceQualifierDescriptor
                0x080080b4       0x20 ./Middlewares/ST/STM32_USB_Device_Library/Class/CDC/Src/usbd_cdc.o
                0x080080b4                USBD_CDC_GetDeviceQualifierDescriptor
 .text.USBD_CDC_RegisterInterface
                0x080080d4       0x2c ./Middlewares/ST/STM32_USB_Device_Library/Class/CDC/Src/usbd_cdc.o
                0x080080d4                USBD_CDC_RegisterInterface
 .text.USBD_CDC_SetTxBuffer
                0x08008100       0x32 ./Middlewares/ST/STM32_USB_Device_Library/Class/CDC/Src/usbd_cdc.o
                0x08008100                USBD_CDC_SetTxBuffer
 .text.USBD_CDC_SetRxBuffer
                0x08008132       0x26 ./Middlewares/ST/STM32_USB_Device_Library/Class/CDC/Src/usbd_cdc.o
                0x08008132                USBD_CDC_SetRxBuffer
 .text.USBD_CDC_TransmitPacket
                0x08008158       0x5e ./Middlewares/ST/STM32_USB_Device_Library/Class/CDC/Src/usbd_cdc.o
                0x08008158                USBD_CDC_TransmitPacket
 .text.USBD_CDC_ReceivePacket
                0x080081b6       0x54 ./Middlewares/ST/STM32_USB_Device_Library/Class/CDC/Src/usbd_cdc.o
                0x080081b6                USBD_CDC_ReceivePacket
 .text.USBD_Init
                0x0800820a       0x56 ./Middlewares/ST/STM32_USB_Device_Library/Core/Src/usbd_core.o
                0x0800820a                USBD_Init
 .text.USBD_RegisterClass
                0x08008260       0x32 ./Middlewares/ST/STM32_USB_Device_Library/Core/Src/usbd_core.o
                0x08008260                USBD_RegisterClass
 .text.USBD_Start
                0x08008292       0x18 ./Middlewares/ST/STM32_USB_Device_Library/Core/Src/usbd_core.o
                0x08008292                USBD_Start
 .text.USBD_RunTestMode
                0x080082aa       0x14 ./Middlewares/ST/STM32_USB_Device_Library/Core/Src/usbd_core.o
                0x080082aa                USBD_RunTestMode
 .text.USBD_SetClassConfig
                0x080082be       0x3e ./Middlewares/ST/STM32_USB_Device_Library/Core/Src/usbd_core.o
                0x080082be                USBD_SetClassConfig
 .text.USBD_ClrClassConfig
                0x080082fc       0x26 ./Middlewares/ST/STM32_USB_Device_Library/Core/Src/usbd_core.o
                0x080082fc                USBD_ClrClassConfig
 .text.USBD_LL_SetupStage
                0x08008322       0x9a ./Middlewares/ST/STM32_USB_Device_Library/Core/Src/usbd_core.o
                0x08008322                USBD_LL_SetupStage
 .text.USBD_LL_DataOutStage
                0x080083bc       0xe2 ./Middlewares/ST/STM32_USB_Device_Library/Core/Src/usbd_core.o
                0x080083bc                USBD_LL_DataOutStage
 .text.USBD_LL_DataInStage
                0x0800849e      0x14a ./Middlewares/ST/STM32_USB_Device_Library/Core/Src/usbd_core.o
                0x0800849e                USBD_LL_DataInStage
 .text.USBD_LL_Reset
                0x080085e8       0x82 ./Middlewares/ST/STM32_USB_Device_Library/Core/Src/usbd_core.o
                0x080085e8                USBD_LL_Reset
 .text.USBD_LL_SetSpeed
                0x0800866a       0x1e ./Middlewares/ST/STM32_USB_Device_Library/Core/Src/usbd_core.o
                0x0800866a                USBD_LL_SetSpeed
 .text.USBD_LL_Suspend
                0x08008688       0x28 ./Middlewares/ST/STM32_USB_Device_Library/Core/Src/usbd_core.o
                0x08008688                USBD_LL_Suspend
 .text.USBD_LL_Resume
                0x080086b0       0x2a ./Middlewares/ST/STM32_USB_Device_Library/Core/Src/usbd_core.o
                0x080086b0                USBD_LL_Resume
 .text.USBD_LL_SOF
                0x080086da       0x34 ./Middlewares/ST/STM32_USB_Device_Library/Core/Src/usbd_core.o
                0x080086da                USBD_LL_SOF
 *fill*         0x0800870e        0x2 
 .text.USBD_StdDevReq
                0x08008710       0xd4 ./Middlewares/ST/STM32_USB_Device_Library/Core/Src/usbd_ctlreq.o
                0x08008710                USBD_StdDevReq
 .text.USBD_StdItfReq
                0x080087e4       0x90 ./Middlewares/ST/STM32_USB_Device_Library/Core/Src/usbd_ctlreq.o
                0x080087e4                USBD_StdItfReq
 .text.USBD_StdEPReq
                0x08008874      0x2c6 ./Middlewares/ST/STM32_USB_Device_Library/Core/Src/usbd_ctlreq.o
                0x08008874                USBD_StdEPReq
 *fill*         0x08008b3a        0x2 
 .text.USBD_GetDescriptor
                0x08008b3c      0x2d0 ./Middlewares/ST/STM32_USB_Device_Library/Core/Src/usbd_ctlreq.o
 .text.USBD_SetAddress
                0x08008e0c       0x86 ./Middlewares/ST/STM32_USB_Device_Library/Core/Src/usbd_ctlreq.o
 *fill*         0x08008e92        0x2 
 .text.USBD_SetConfig
                0x08008e94      0x11c ./Middlewares/ST/STM32_USB_Device_Library/Core/Src/usbd_ctlreq.o
 .text.USBD_GetConfig
                0x08008fb0       0x6a ./Middlewares/ST/STM32_USB_Device_Library/Core/Src/usbd_ctlreq.o
 .text.USBD_GetStatus
                0x0800901a       0x66 ./Middlewares/ST/STM32_USB_Device_Library/Core/Src/usbd_ctlreq.o
 .text.USBD_SetFeature
                0x08009080       0x28 ./Middlewares/ST/STM32_USB_Device_Library/Core/Src/usbd_ctlreq.o
 .text.USBD_ClrFeature
                0x080090a8       0x42 ./Middlewares/ST/STM32_USB_Device_Library/Core/Src/usbd_ctlreq.o
 .text.USBD_ParseSetupRequest
                0x080090ea       0x72 ./Middlewares/ST/STM32_USB_Device_Library/Core/Src/usbd_ctlreq.o
                0x080090ea                USBD_ParseSetupRequest
 .text.USBD_CtlError
                0x0800915c       0x22 ./Middlewares/ST/STM32_USB_Device_Library/Core/Src/usbd_ctlreq.o
                0x0800915c                USBD_CtlError
 .text.USBD_GetString
                0x0800917e       0x84 ./Middlewares/ST/STM32_USB_Device_Library/Core/Src/usbd_ctlreq.o
                0x0800917e                USBD_GetString
 .text.USBD_GetLen
                0x08009202       0x2e ./Middlewares/ST/STM32_USB_Device_Library/Core/Src/usbd_ctlreq.o
 .text.USBD_CtlSendData
                0x08009230       0x38 ./Middlewares/ST/STM32_USB_Device_Library/Core/Src/usbd_ioreq.o
                0x08009230                USBD_CtlSendData
 .text.USBD_CtlContinueSendData
                0x08009268       0x24 ./Middlewares/ST/STM32_USB_Device_Library/Core/Src/usbd_ioreq.o
                0x08009268                USBD_CtlContinueSendData
 .text.USBD_CtlPrepareRx
                0x0800928c       0x3c ./Middlewares/ST/STM32_USB_Device_Library/Core/Src/usbd_ioreq.o
                0x0800928c                USBD_CtlPrepareRx
 .text.USBD_CtlContinueRx
                0x080092c8       0x24 ./Middlewares/ST/STM32_USB_Device_Library/Core/Src/usbd_ioreq.o
                0x080092c8                USBD_CtlContinueRx
 .text.USBD_CtlSendStatus
                0x080092ec       0x26 ./Middlewares/ST/STM32_USB_Device_Library/Core/Src/usbd_ioreq.o
                0x080092ec                USBD_CtlSendStatus
 .text.USBD_CtlReceiveStatus
                0x08009312       0x26 ./Middlewares/ST/STM32_USB_Device_Library/Core/Src/usbd_ioreq.o
                0x08009312                USBD_CtlReceiveStatus
 .text.__NVIC_SetPriority
                0x08009338       0x54 ./Middlewares/Third_Party/FreeRTOS/Source/CMSIS_RTOS_V2/cmsis_os2.o
 .text.SysTick_Handler
                0x0800938c       0x20 ./Middlewares/Third_Party/FreeRTOS/Source/CMSIS_RTOS_V2/cmsis_os2.o
                0x0800938c                SysTick_Handler
 .text.SVC_Setup
                0x080093ac       0x12 ./Middlewares/Third_Party/FreeRTOS/Source/CMSIS_RTOS_V2/cmsis_os2.o
 *fill*         0x080093be        0x2 
 .text.osKernelInitialize
                0x080093c0       0x44 ./Middlewares/Third_Party/FreeRTOS/Source/CMSIS_RTOS_V2/cmsis_os2.o
                0x080093c0                osKernelInitialize
 .text.osKernelStart
                0x08009404       0x4c ./Middlewares/Third_Party/FreeRTOS/Source/CMSIS_RTOS_V2/cmsis_os2.o
                0x08009404                osKernelStart
 .text.osThreadNew
                0x08009450      0x124 ./Middlewares/Third_Party/FreeRTOS/Source/CMSIS_RTOS_V2/cmsis_os2.o
                0x08009450                osThreadNew
 .text.osDelay  0x08009574       0x36 ./Middlewares/Third_Party/FreeRTOS/Source/CMSIS_RTOS_V2/cmsis_os2.o
                0x08009574                osDelay
 *fill*         0x080095aa        0x2 
 .text.vApplicationGetIdleTaskMemory
                0x080095ac       0x30 ./Middlewares/Third_Party/FreeRTOS/Source/CMSIS_RTOS_V2/cmsis_os2.o
                0x080095ac                vApplicationGetIdleTaskMemory
 .text.vApplicationGetTimerTaskMemory
                0x080095dc       0x34 ./Middlewares/Third_Party/FreeRTOS/Source/CMSIS_RTOS_V2/cmsis_os2.o
                0x080095dc                vApplicationGetTimerTaskMemory
 .text.vListInitialise
                0x08009610       0x3e ./Middlewares/Third_Party/FreeRTOS/Source/list.o
                0x08009610                vListInitialise
 .text.vListInitialiseItem
                0x0800964e       0x18 ./Middlewares/Third_Party/FreeRTOS/Source/list.o
                0x0800964e                vListInitialiseItem
 .text.vListInsertEnd
                0x08009666       0x46 ./Middlewares/Third_Party/FreeRTOS/Source/list.o
                0x08009666                vListInsertEnd
 .text.vListInsert
                0x080096ac       0x70 ./Middlewares/Third_Party/FreeRTOS/Source/list.o
                0x080096ac                vListInsert
 .text.uxListRemove
                0x0800971c       0x52 ./Middlewares/Third_Party/FreeRTOS/Source/list.o
                0x0800971c                uxListRemove
 *fill*         0x0800976e        0x2 
 .text.xQueueGenericReset
                0x08009770       0xd4 ./Middlewares/Third_Party/FreeRTOS/Source/queue.o
                0x08009770                xQueueGenericReset
 .text.xQueueGenericCreateStatic
                0x08009844       0xfa ./Middlewares/Third_Party/FreeRTOS/Source/queue.o
                0x08009844                xQueueGenericCreateStatic
 .text.prvInitialiseNewQueue
                0x0800993e       0x46 ./Middlewares/Third_Party/FreeRTOS/Source/queue.o
 .text.xQueueGenericSend
                0x08009984      0x204 ./Middlewares/Third_Party/FreeRTOS/Source/queue.o
                0x08009984                xQueueGenericSend
 .text.xQueueGenericSendFromISR
                0x08009b88      0x13c ./Middlewares/Third_Party/FreeRTOS/Source/queue.o
                0x08009b88                xQueueGenericSendFromISR
 .text.xQueueReceive
                0x08009cc4      0x1c4 ./Middlewares/Third_Party/FreeRTOS/Source/queue.o
                0x08009cc4                xQueueReceive
 .text.prvCopyDataToQueue
                0x08009e88       0xd4 ./Middlewares/Third_Party/FreeRTOS/Source/queue.o
 .text.prvCopyDataFromQueue
                0x08009f5c       0x4c ./Middlewares/Third_Party/FreeRTOS/Source/queue.o
 .text.prvUnlockQueue
                0x08009fa8       0xa4 ./Middlewares/Third_Party/FreeRTOS/Source/queue.o
 .text.prvIsQueueEmpty
                0x0800a04c       0x2c ./Middlewares/Third_Party/FreeRTOS/Source/queue.o
 .text.prvIsQueueFull
                0x0800a078       0x30 ./Middlewares/Third_Party/FreeRTOS/Source/queue.o
 .text.vQueueAddToRegistry
                0x0800a0a8       0x50 ./Middlewares/Third_Party/FreeRTOS/Source/queue.o
                0x0800a0a8                vQueueAddToRegistry
 .text.vQueueWaitForMessageRestricted
                0x0800a0f8       0x68 ./Middlewares/Third_Party/FreeRTOS/Source/queue.o
                0x0800a0f8                vQueueWaitForMessageRestricted
 .text.xTaskCreateStatic
                0x0800a160       0xc0 ./Middlewares/Third_Party/FreeRTOS/Source/tasks.o
                0x0800a160                xTaskCreateStatic
 .text.xTaskCreate
                0x0800a220       0x8a ./Middlewares/Third_Party/FreeRTOS/Source/tasks.o
                0x0800a220                xTaskCreate
 *fill*         0x0800a2aa        0x2 
 .text.prvInitialiseNewTask
                0x0800a2ac      0x150 ./Middlewares/Third_Party/FreeRTOS/Source/tasks.o
 .text.prvAddNewTaskToReadyList
                0x0800a3fc       0xe0 ./Middlewares/Third_Party/FreeRTOS/Source/tasks.o
 .text.vTaskDelay
                0x0800a4dc       0x6c ./Middlewares/Third_Party/FreeRTOS/Source/tasks.o
                0x0800a4dc                vTaskDelay
 .text.vTaskStartScheduler
                0x0800a548       0xe0 ./Middlewares/Third_Party/FreeRTOS/Source/tasks.o
                0x0800a548                vTaskStartScheduler
 .text.vTaskSuspendAll
                0x0800a628       0x1c ./Middlewares/Third_Party/FreeRTOS/Source/tasks.o
                0x0800a628                vTaskSuspendAll
 .text.xTaskResumeAll
                0x0800a644      0x13c ./Middlewares/Third_Party/FreeRTOS/Source/tasks.o
                0x0800a644                xTaskResumeAll
 .text.xTaskGetTickCount
                0x0800a780       0x1c ./Middlewares/Third_Party/FreeRTOS/Source/tasks.o
                0x0800a780                xTaskGetTickCount
 .text.xTaskIncrementTick
                0x0800a79c      0x174 ./Middlewares/Third_Party/FreeRTOS/Source/tasks.o
                0x0800a79c                xTaskIncrementTick
 .text.vTaskSwitchContext
                0x0800a910       0xc8 ./Middlewares/Third_Party/FreeRTOS/Source/tasks.o
                0x0800a910                vTaskSwitchContext
 .text.vTaskPlaceOnEventList
                0x0800a9d8       0x4c ./Middlewares/Third_Party/FreeRTOS/Source/tasks.o
                0x0800a9d8                vTaskPlaceOnEventList
 .text.vTaskPlaceOnEventListRestricted
                0x0800aa24       0x58 ./Middlewares/Third_Party/FreeRTOS/Source/tasks.o
                0x0800aa24                vTaskPlaceOnEventListRestricted
 .text.xTaskRemoveFromEventList
                0x0800aa7c       0xc8 ./Middlewares/Third_Party/FreeRTOS/Source/tasks.o
                0x0800aa7c                xTaskRemoveFromEventList
 .text.vTaskInternalSetTimeOutState
                0x0800ab44       0x2c ./Middlewares/Third_Party/FreeRTOS/Source/tasks.o
                0x0800ab44                vTaskInternalSetTimeOutState
 .text.xTaskCheckForTimeOut
                0x0800ab70       0xc8 ./Middlewares/Third_Party/FreeRTOS/Source/tasks.o
                0x0800ab70                xTaskCheckForTimeOut
 .text.vTaskMissedYield
                0x0800ac38       0x18 ./Middlewares/Third_Party/FreeRTOS/Source/tasks.o
                0x0800ac38                vTaskMissedYield
 .text.prvIdleTask
                0x0800ac50       0x30 ./Middlewares/Third_Party/FreeRTOS/Source/tasks.o
 .text.prvInitialiseTaskLists
                0x0800ac80       0x80 ./Middlewares/Third_Party/FreeRTOS/Source/tasks.o
 .text.prvCheckTasksWaitingTermination
                0x0800ad00       0x5c ./Middlewares/Third_Party/FreeRTOS/Source/tasks.o
 .text.prvDeleteTCB
                0x0800ad5c       0x6a ./Middlewares/Third_Party/FreeRTOS/Source/tasks.o
 *fill*         0x0800adc6        0x2 
 .text.prvResetNextTaskUnblockTime
                0x0800adc8       0x40 ./Middlewares/Third_Party/FreeRTOS/Source/tasks.o
 .text.xTaskGetSchedulerState
                0x0800ae08       0x3c ./Middlewares/Third_Party/FreeRTOS/Source/tasks.o
                0x0800ae08                xTaskGetSchedulerState
 .text.xTaskPriorityDisinherit
                0x0800ae44       0xe0 ./Middlewares/Third_Party/FreeRTOS/Source/tasks.o
                0x0800ae44                xTaskPriorityDisinherit
 .text.prvAddCurrentTaskToDelayedList
                0x0800af24       0xa8 ./Middlewares/Third_Party/FreeRTOS/Source/tasks.o
 .text.xTimerCreateTimerTask
                0x0800afcc       0x94 ./Middlewares/Third_Party/FreeRTOS/Source/timers.o
                0x0800afcc                xTimerCreateTimerTask
 .text.xTimerGenericCommand
                0x0800b060       0x9c ./Middlewares/Third_Party/FreeRTOS/Source/timers.o
                0x0800b060                xTimerGenericCommand
 .text.prvProcessExpiredTimer
                0x0800b0fc       0x9c ./Middlewares/Third_Party/FreeRTOS/Source/timers.o
 .text.prvTimerTask
                0x0800b198       0x26 ./Middlewares/Third_Party/FreeRTOS/Source/timers.o
 *fill*         0x0800b1be        0x2 
 .text.prvProcessTimerOrBlockTask
                0x0800b1c0       0x9c ./Middlewares/Third_Party/FreeRTOS/Source/timers.o
 .text.prvGetNextExpireTime
                0x0800b25c       0x44 ./Middlewares/Third_Party/FreeRTOS/Source/timers.o
 .text.prvSampleTimeNow
                0x0800b2a0       0x40 ./Middlewares/Third_Party/FreeRTOS/Source/timers.o
 .text.prvInsertTimerInActiveList
                0x0800b2e0       0x84 ./Middlewares/Third_Party/FreeRTOS/Source/timers.o
 .text.prvProcessReceivedCommands
                0x0800b364      0x1cc ./Middlewares/Third_Party/FreeRTOS/Source/timers.o
 .text.prvSwitchTimerLists
                0x0800b530       0xcc ./Middlewares/Third_Party/FreeRTOS/Source/timers.o
 .text.prvCheckForValidListAndQueue
                0x0800b5fc       0x80 ./Middlewares/Third_Party/FreeRTOS/Source/timers.o
 .text.pxPortInitialiseStack
                0x0800b67c       0x58 ./Middlewares/Third_Party/FreeRTOS/Source/portable/GCC/ARM_CM3/port.o
                0x0800b67c                pxPortInitialiseStack
 .text.prvTaskExitError
                0x0800b6d4       0x58 ./Middlewares/Third_Party/FreeRTOS/Source/portable/GCC/ARM_CM3/port.o
 *fill*         0x0800b72c        0x4 
 .text.SVC_Handler
                0x0800b730       0x28 ./Middlewares/Third_Party/FreeRTOS/Source/portable/GCC/ARM_CM3/port.o
                0x0800b730                SVC_Handler
 .text.prvPortStartFirstTask
                0x0800b758       0x20 ./Middlewares/Third_Party/FreeRTOS/Source/portable/GCC/ARM_CM3/port.o
 .text.xPortStartScheduler
                0x0800b778       0xe4 ./Middlewares/Third_Party/FreeRTOS/Source/portable/GCC/ARM_CM3/port.o
                0x0800b778                xPortStartScheduler
 .text.vPortEnterCritical
                0x0800b85c       0x60 ./Middlewares/Third_Party/FreeRTOS/Source/portable/GCC/ARM_CM3/port.o
                0x0800b85c                vPortEnterCritical
 .text.vPortExitCritical
                0x0800b8bc       0x54 ./Middlewares/Third_Party/FreeRTOS/Source/portable/GCC/ARM_CM3/port.o
                0x0800b8bc                vPortExitCritical
 .text.PendSV_Handler
                0x0800b910       0x48 ./Middlewares/Third_Party/FreeRTOS/Source/portable/GCC/ARM_CM3/port.o
                0x0800b910                PendSV_Handler
 .text.xPortSysTickHandler
                0x0800b958       0x44 ./Middlewares/Third_Party/FreeRTOS/Source/portable/GCC/ARM_CM3/port.o
                0x0800b958                xPortSysTickHandler
 .text.vPortSetupTimerInterrupt
                0x0800b99c       0x44 ./Middlewares/Third_Party/FreeRTOS/Source/portable/GCC/ARM_CM3/port.o
                0x0800b99c                vPortSetupTimerInterrupt
 .text.vPortValidateInterruptPriority
                0x0800b9e0       0x80 ./Middlewares/Third_Party/FreeRTOS/Source/portable/GCC/ARM_CM3/port.o
                0x0800b9e0                vPortValidateInterruptPriority
 .text.pvPortMalloc
                0x0800ba60      0x19c ./Middlewares/Third_Party/FreeRTOS/Source/portable/MemMang/heap_4.o
                0x0800ba60                pvPortMalloc
 .text.vPortFree
                0x0800bbfc       0xc8 ./Middlewares/Third_Party/FreeRTOS/Source/portable/MemMang/heap_4.o
                0x0800bbfc                vPortFree
 .text.prvHeapInit
                0x0800bcc4       0xc4 ./Middlewares/Third_Party/FreeRTOS/Source/portable/MemMang/heap_4.o
 .text.prvInsertBlockIntoFreeList
                0x0800bd88       0xb0 ./Middlewares/Third_Party/FreeRTOS/Source/portable/MemMang/heap_4.o
 .text.MX_USB_DEVICE_Init
                0x0800be38       0x60 ./USB_DEVICE/App/usb_device.o
                0x0800be38                MX_USB_DEVICE_Init
 .text.CDC_Init_FS
                0x0800be98       0x28 ./USB_DEVICE/App/usbd_cdc_if.o
 .text.CDC_DeInit_FS
                0x0800bec0        0xe ./USB_DEVICE/App/usbd_cdc_if.o
 *fill*         0x0800bece        0x2 
 .text.CDC_Control_FS
                0x0800bed0       0xbc ./USB_DEVICE/App/usbd_cdc_if.o
 .text.CDC_Receive_FS
                0x0800bf8c       0x34 ./USB_DEVICE/App/usbd_cdc_if.o
 .text.CDC_Transmit_FS
                0x0800bfc0       0x4c ./USB_DEVICE/App/usbd_cdc_if.o
                0x0800bfc0                CDC_Transmit_FS
 .text.USBD_FS_DeviceDescriptor
                0x0800c00c       0x24 ./USB_DEVICE/App/usbd_desc.o
                0x0800c00c                USBD_FS_DeviceDescriptor
 .text.USBD_FS_LangIDStrDescriptor
                0x0800c030       0x24 ./USB_DEVICE/App/usbd_desc.o
                0x0800c030                USBD_FS_LangIDStrDescriptor
 .text.USBD_FS_ProductStrDescriptor
                0x0800c054       0x3c ./USB_DEVICE/App/usbd_desc.o
                0x0800c054                USBD_FS_ProductStrDescriptor
 .text.USBD_FS_ManufacturerStrDescriptor
                0x0800c090       0x28 ./USB_DEVICE/App/usbd_desc.o
                0x0800c090                USBD_FS_ManufacturerStrDescriptor
 .text.USBD_FS_SerialStrDescriptor
                0x0800c0b8       0x24 ./USB_DEVICE/App/usbd_desc.o
                0x0800c0b8                USBD_FS_SerialStrDescriptor
 .text.USBD_FS_ConfigStrDescriptor
                0x0800c0dc       0x3c ./USB_DEVICE/App/usbd_desc.o
                0x0800c0dc                USBD_FS_ConfigStrDescriptor
 .text.USBD_FS_InterfaceStrDescriptor
                0x0800c118       0x3c ./USB_DEVICE/App/usbd_desc.o
                0x0800c118                USBD_FS_InterfaceStrDescriptor
 .text.Get_SerialNum
                0x0800c154       0x58 ./USB_DEVICE/App/usbd_desc.o
 .text.IntToUnicode
                0x0800c1ac       0x7c ./USB_DEVICE/App/usbd_desc.o
 .text.HAL_PCD_MspInit
                0x0800c228       0x4c ./USB_DEVICE/Target/usbd_conf.o
                0x0800c228                HAL_PCD_MspInit
 .text.HAL_PCD_SetupStageCallback
                0x0800c274       0x24 ./USB_DEVICE/Target/usbd_conf.o
                0x0800c274                HAL_PCD_SetupStageCallback
 .text.HAL_PCD_DataOutStageCallback
                0x0800c298       0x36 ./USB_DEVICE/Target/usbd_conf.o
                0x0800c298                HAL_PCD_DataOutStageCallback
 .text.HAL_PCD_DataInStageCallback
                0x0800c2ce       0x34 ./USB_DEVICE/Target/usbd_conf.o
                0x0800c2ce                HAL_PCD_DataInStageCallback
 .text.HAL_PCD_SOFCallback
                0x0800c302       0x1c ./USB_DEVICE/Target/usbd_conf.o
                0x0800c302                HAL_PCD_SOFCallback
 .text.HAL_PCD_ResetCallback
                0x0800c31e       0x3c ./USB_DEVICE/Target/usbd_conf.o
                0x0800c31e                HAL_PCD_ResetCallback
 *fill*         0x0800c35a        0x2 
 .text.HAL_PCD_SuspendCallback
                0x0800c35c       0x34 ./USB_DEVICE/Target/usbd_conf.o
                0x0800c35c                HAL_PCD_SuspendCallback
 .text.HAL_PCD_ResumeCallback
                0x0800c390       0x1c ./USB_DEVICE/Target/usbd_conf.o
                0x0800c390                HAL_PCD_ResumeCallback
 .text.USBD_LL_Init
                0x0800c3ac       0xb4 ./USB_DEVICE/Target/usbd_conf.o
                0x0800c3ac                USBD_LL_Init
 .text.USBD_LL_Start
                0x0800c460       0x36 ./USB_DEVICE/Target/usbd_conf.o
                0x0800c460                USBD_LL_Start
 .text.USBD_LL_OpenEP
                0x0800c496       0x4c ./USB_DEVICE/Target/usbd_conf.o
                0x0800c496                USBD_LL_OpenEP
 .text.USBD_LL_CloseEP
                0x0800c4e2       0x3e ./USB_DEVICE/Target/usbd_conf.o
                0x0800c4e2                USBD_LL_CloseEP
 .text.USBD_LL_StallEP
                0x0800c520       0x3e ./USB_DEVICE/Target/usbd_conf.o
                0x0800c520                USBD_LL_StallEP
 .text.USBD_LL_ClearStallEP
                0x0800c55e       0x3e ./USB_DEVICE/Target/usbd_conf.o
                0x0800c55e                USBD_LL_ClearStallEP
 .text.USBD_LL_IsStallEP
                0x0800c59c       0x56 ./USB_DEVICE/Target/usbd_conf.o
                0x0800c59c                USBD_LL_IsStallEP
 .text.USBD_LL_SetUSBAddress
                0x0800c5f2       0x3e ./USB_DEVICE/Target/usbd_conf.o
                0x0800c5f2                USBD_LL_SetUSBAddress
 .text.USBD_LL_Transmit
                0x0800c630       0x46 ./USB_DEVICE/Target/usbd_conf.o
                0x0800c630                USBD_LL_Transmit
 .text.USBD_LL_PrepareReceive
                0x0800c676       0x46 ./USB_DEVICE/Target/usbd_conf.o
                0x0800c676                USBD_LL_PrepareReceive
 .text.USBD_LL_GetRxDataSize
                0x0800c6bc       0x26 ./USB_DEVICE/Target/usbd_conf.o
                0x0800c6bc                USBD_LL_GetRxDataSize
 *fill*         0x0800c6e2        0x2 
 .text.USBD_static_malloc
                0x0800c6e4       0x18 ./USB_DEVICE/Target/usbd_conf.o
                0x0800c6e4                USBD_static_malloc
 .text.USBD_static_free
                0x0800c6fc       0x12 ./USB_DEVICE/Target/usbd_conf.o
                0x0800c6fc                USBD_static_free
 .text.HAL_PCDEx_SetConnectionState
                0x0800c70e       0x16 ./USB_DEVICE/Target/usbd_conf.o
                0x0800c70e                HAL_PCDEx_SetConnectionState
 .text.USBD_Get_USB_Status
                0x0800c724       0x58 ./USB_DEVICE/Target/usbd_conf.o
 .text.std      0x0800c77c       0x6c D:/STM32CubeIDE_1.16.0/STM32CubeIDE/plugins/com.st.stm32cube.ide.mcu.externaltools.gnu-tools-for-stm32.12.3.rel1.win32_1.1.0.202410251130/tools/bin/../lib/gcc/arm-none-eabi/12.3.1/../../../../arm-none-eabi/lib/thumb/v7-m/nofp\libc_nano.a(libc_a-findfp.o)
 .text.stdio_exit_handler
                0x0800c7e8       0x18 D:/STM32CubeIDE_1.16.0/STM32CubeIDE/plugins/com.st.stm32cube.ide.mcu.externaltools.gnu-tools-for-stm32.12.3.rel1.win32_1.1.0.202410251130/tools/bin/../lib/gcc/arm-none-eabi/12.3.1/../../../../arm-none-eabi/lib/thumb/v7-m/nofp\libc_nano.a(libc_a-findfp.o)
 .text.cleanup_stdio
                0x0800c800       0x40 D:/STM32CubeIDE_1.16.0/STM32CubeIDE/plugins/com.st.stm32cube.ide.mcu.externaltools.gnu-tools-for-stm32.12.3.rel1.win32_1.1.0.202410251130/tools/bin/../lib/gcc/arm-none-eabi/12.3.1/../../../../arm-none-eabi/lib/thumb/v7-m/nofp\libc_nano.a(libc_a-findfp.o)
 .text.global_stdio_init.part.0
                0x0800c840       0x3c D:/STM32CubeIDE_1.16.0/STM32CubeIDE/plugins/com.st.stm32cube.ide.mcu.externaltools.gnu-tools-for-stm32.12.3.rel1.win32_1.1.0.202410251130/tools/bin/../lib/gcc/arm-none-eabi/12.3.1/../../../../arm-none-eabi/lib/thumb/v7-m/nofp\libc_nano.a(libc_a-findfp.o)
 .text.__sfp_lock_acquire
                0x0800c87c        0xc D:/STM32CubeIDE_1.16.0/STM32CubeIDE/plugins/com.st.stm32cube.ide.mcu.externaltools.gnu-tools-for-stm32.12.3.rel1.win32_1.1.0.202410251130/tools/bin/../lib/gcc/arm-none-eabi/12.3.1/../../../../arm-none-eabi/lib/thumb/v7-m/nofp\libc_nano.a(libc_a-findfp.o)
                0x0800c87c                __sfp_lock_acquire
 .text.__sfp_lock_release
                0x0800c888        0xc D:/STM32CubeIDE_1.16.0/STM32CubeIDE/plugins/com.st.stm32cube.ide.mcu.externaltools.gnu-tools-for-stm32.12.3.rel1.win32_1.1.0.202410251130/tools/bin/../lib/gcc/arm-none-eabi/12.3.1/../../../../arm-none-eabi/lib/thumb/v7-m/nofp\libc_nano.a(libc_a-findfp.o)
                0x0800c888                __sfp_lock_release
 .text.__sinit  0x0800c894       0x30 D:/STM32CubeIDE_1.16.0/STM32CubeIDE/plugins/com.st.stm32cube.ide.mcu.externaltools.gnu-tools-for-stm32.12.3.rel1.win32_1.1.0.202410251130/tools/bin/../lib/gcc/arm-none-eabi/12.3.1/../../../../arm-none-eabi/lib/thumb/v7-m/nofp\libc_nano.a(libc_a-findfp.o)
                0x0800c894                __sinit
 .text._fwalk_sglue
                0x0800c8c4       0x3c D:/STM32CubeIDE_1.16.0/STM32CubeIDE/plugins/com.st.stm32cube.ide.mcu.externaltools.gnu-tools-for-stm32.12.3.rel1.win32_1.1.0.202410251130/tools/bin/../lib/gcc/arm-none-eabi/12.3.1/../../../../arm-none-eabi/lib/thumb/v7-m/nofp\libc_nano.a(libc_a-fwalk.o)
                0x0800c8c4                _fwalk_sglue
 .text.printf   0x0800c900       0x24 D:/STM32CubeIDE_1.16.0/STM32CubeIDE/plugins/com.st.stm32cube.ide.mcu.externaltools.gnu-tools-for-stm32.12.3.rel1.win32_1.1.0.202410251130/tools/bin/../lib/gcc/arm-none-eabi/12.3.1/../../../../arm-none-eabi/lib/thumb/v7-m/nofp\libc_nano.a(libc_a-printf.o)
                0x0800c900                iprintf
                0x0800c900                printf
 .text._puts_r  0x0800c924       0xaa D:/STM32CubeIDE_1.16.0/STM32CubeIDE/plugins/com.st.stm32cube.ide.mcu.externaltools.gnu-tools-for-stm32.12.3.rel1.win32_1.1.0.202410251130/tools/bin/../lib/gcc/arm-none-eabi/12.3.1/../../../../arm-none-eabi/lib/thumb/v7-m/nofp\libc_nano.a(libc_a-puts.o)
                0x0800c924                _puts_r
 *fill*         0x0800c9ce        0x2 
 .text.puts     0x0800c9d0       0x10 D:/STM32CubeIDE_1.16.0/STM32CubeIDE/plugins/com.st.stm32cube.ide.mcu.externaltools.gnu-tools-for-stm32.12.3.rel1.win32_1.1.0.202410251130/tools/bin/../lib/gcc/arm-none-eabi/12.3.1/../../../../arm-none-eabi/lib/thumb/v7-m/nofp\libc_nano.a(libc_a-puts.o)
                0x0800c9d0                puts
 .text.__sread  0x0800c9e0       0x22 D:/STM32CubeIDE_1.16.0/STM32CubeIDE/plugins/com.st.stm32cube.ide.mcu.externaltools.gnu-tools-for-stm32.12.3.rel1.win32_1.1.0.202410251130/tools/bin/../lib/gcc/arm-none-eabi/12.3.1/../../../../arm-none-eabi/lib/thumb/v7-m/nofp\libc_nano.a(libc_a-stdio.o)
                0x0800c9e0                __sread
 .text.__swrite
                0x0800ca02       0x38 D:/STM32CubeIDE_1.16.0/STM32CubeIDE/plugins/com.st.stm32cube.ide.mcu.externaltools.gnu-tools-for-stm32.12.3.rel1.win32_1.1.0.202410251130/tools/bin/../lib/gcc/arm-none-eabi/12.3.1/../../../../arm-none-eabi/lib/thumb/v7-m/nofp\libc_nano.a(libc_a-stdio.o)
                0x0800ca02                __swrite
 .text.__sseek  0x0800ca3a       0x24 D:/STM32CubeIDE_1.16.0/STM32CubeIDE/plugins/com.st.stm32cube.ide.mcu.externaltools.gnu-tools-for-stm32.12.3.rel1.win32_1.1.0.202410251130/tools/bin/../lib/gcc/arm-none-eabi/12.3.1/../../../../arm-none-eabi/lib/thumb/v7-m/nofp\libc_nano.a(libc_a-stdio.o)
                0x0800ca3a                __sseek
 .text.__sclose
                0x0800ca5e        0x8 D:/STM32CubeIDE_1.16.0/STM32CubeIDE/plugins/com.st.stm32cube.ide.mcu.externaltools.gnu-tools-for-stm32.12.3.rel1.win32_1.1.0.202410251130/tools/bin/../lib/gcc/arm-none-eabi/12.3.1/../../../../arm-none-eabi/lib/thumb/v7-m/nofp\libc_nano.a(libc_a-stdio.o)
                0x0800ca5e                __sclose
 .text.__swbuf_r
                0x0800ca66       0x7c D:/STM32CubeIDE_1.16.0/STM32CubeIDE/plugins/com.st.stm32cube.ide.mcu.externaltools.gnu-tools-for-stm32.12.3.rel1.win32_1.1.0.202410251130/tools/bin/../lib/gcc/arm-none-eabi/12.3.1/../../../../arm-none-eabi/lib/thumb/v7-m/nofp\libc_nano.a(libc_a-wbuf.o)
                0x0800ca66                __swbuf_r
 *fill*         0x0800cae2        0x2 
 .text.__swsetup_r
                0x0800cae4       0xac D:/STM32CubeIDE_1.16.0/STM32CubeIDE/plugins/com.st.stm32cube.ide.mcu.externaltools.gnu-tools-for-stm32.12.3.rel1.win32_1.1.0.202410251130/tools/bin/../lib/gcc/arm-none-eabi/12.3.1/../../../../arm-none-eabi/lib/thumb/v7-m/nofp\libc_nano.a(libc_a-wsetup.o)
                0x0800cae4                __swsetup_r
 .text.memset   0x0800cb90       0x10 D:/STM32CubeIDE_1.16.0/STM32CubeIDE/plugins/com.st.stm32cube.ide.mcu.externaltools.gnu-tools-for-stm32.12.3.rel1.win32_1.1.0.202410251130/tools/bin/../lib/gcc/arm-none-eabi/12.3.1/../../../../arm-none-eabi/lib/thumb/v7-m/nofp\libc_nano.a(libc_a-memset.o)
                0x0800cb90                memset
 .text._close_r
                0x0800cba0       0x20 D:/STM32CubeIDE_1.16.0/STM32CubeIDE/plugins/com.st.stm32cube.ide.mcu.externaltools.gnu-tools-for-stm32.12.3.rel1.win32_1.1.0.202410251130/tools/bin/../lib/gcc/arm-none-eabi/12.3.1/../../../../arm-none-eabi/lib/thumb/v7-m/nofp\libc_nano.a(libc_a-closer.o)
                0x0800cba0                _close_r
 .text._reclaim_reent
                0x0800cbc0       0xac D:/STM32CubeIDE_1.16.0/STM32CubeIDE/plugins/com.st.stm32cube.ide.mcu.externaltools.gnu-tools-for-stm32.12.3.rel1.win32_1.1.0.202410251130/tools/bin/../lib/gcc/arm-none-eabi/12.3.1/../../../../arm-none-eabi/lib/thumb/v7-m/nofp\libc_nano.a(libc_a-reent.o)
                0x0800cbc0                _reclaim_reent
 .text._lseek_r
                0x0800cc6c       0x24 D:/STM32CubeIDE_1.16.0/STM32CubeIDE/plugins/com.st.stm32cube.ide.mcu.externaltools.gnu-tools-for-stm32.12.3.rel1.win32_1.1.0.202410251130/tools/bin/../lib/gcc/arm-none-eabi/12.3.1/../../../../arm-none-eabi/lib/thumb/v7-m/nofp\libc_nano.a(libc_a-lseekr.o)
                0x0800cc6c                _lseek_r
 .text._read_r  0x0800cc90       0x24 D:/STM32CubeIDE_1.16.0/STM32CubeIDE/plugins/com.st.stm32cube.ide.mcu.externaltools.gnu-tools-for-stm32.12.3.rel1.win32_1.1.0.202410251130/tools/bin/../lib/gcc/arm-none-eabi/12.3.1/../../../../arm-none-eabi/lib/thumb/v7-m/nofp\libc_nano.a(libc_a-readr.o)
                0x0800cc90                _read_r
 .text._write_r
                0x0800ccb4       0x24 D:/STM32CubeIDE_1.16.0/STM32CubeIDE/plugins/com.st.stm32cube.ide.mcu.externaltools.gnu-tools-for-stm32.12.3.rel1.win32_1.1.0.202410251130/tools/bin/../lib/gcc/arm-none-eabi/12.3.1/../../../../arm-none-eabi/lib/thumb/v7-m/nofp\libc_nano.a(libc_a-writer.o)
                0x0800ccb4                _write_r
 .text.__errno  0x0800ccd8        0xc D:/STM32CubeIDE_1.16.0/STM32CubeIDE/plugins/com.st.stm32cube.ide.mcu.externaltools.gnu-tools-for-stm32.12.3.rel1.win32_1.1.0.202410251130/tools/bin/../lib/gcc/arm-none-eabi/12.3.1/../../../../arm-none-eabi/lib/thumb/v7-m/nofp\libc_nano.a(libc_a-errno.o)
                0x0800ccd8                __errno
 .text.__libc_init_array
                0x0800cce4       0x48 D:/STM32CubeIDE_1.16.0/STM32CubeIDE/plugins/com.st.stm32cube.ide.mcu.externaltools.gnu-tools-for-stm32.12.3.rel1.win32_1.1.0.202410251130/tools/bin/../lib/gcc/arm-none-eabi/12.3.1/../../../../arm-none-eabi/lib/thumb/v7-m/nofp\libc_nano.a(libc_a-init.o)
                0x0800cce4                __libc_init_array
 .text.__retarget_lock_init_recursive
                0x0800cd2c        0x2 D:/STM32CubeIDE_1.16.0/STM32CubeIDE/plugins/com.st.stm32cube.ide.mcu.externaltools.gnu-tools-for-stm32.12.3.rel1.win32_1.1.0.202410251130/tools/bin/../lib/gcc/arm-none-eabi/12.3.1/../../../../arm-none-eabi/lib/thumb/v7-m/nofp\libc_nano.a(libc_a-lock.o)
                0x0800cd2c                __retarget_lock_init_recursive
 .text.__retarget_lock_acquire_recursive
                0x0800cd2e        0x2 D:/STM32CubeIDE_1.16.0/STM32CubeIDE/plugins/com.st.stm32cube.ide.mcu.externaltools.gnu-tools-for-stm32.12.3.rel1.win32_1.1.0.202410251130/tools/bin/../lib/gcc/arm-none-eabi/12.3.1/../../../../arm-none-eabi/lib/thumb/v7-m/nofp\libc_nano.a(libc_a-lock.o)
                0x0800cd2e                __retarget_lock_acquire_recursive
 .text.__retarget_lock_release_recursive
                0x0800cd30        0x2 D:/STM32CubeIDE_1.16.0/STM32CubeIDE/plugins/com.st.stm32cube.ide.mcu.externaltools.gnu-tools-for-stm32.12.3.rel1.win32_1.1.0.202410251130/tools/bin/../lib/gcc/arm-none-eabi/12.3.1/../../../../arm-none-eabi/lib/thumb/v7-m/nofp\libc_nano.a(libc_a-lock.o)
                0x0800cd30                __retarget_lock_release_recursive
 .text.memcpy   0x0800cd32       0x1c D:/STM32CubeIDE_1.16.0/STM32CubeIDE/plugins/com.st.stm32cube.ide.mcu.externaltools.gnu-tools-for-stm32.12.3.rel1.win32_1.1.0.202410251130/tools/bin/../lib/gcc/arm-none-eabi/12.3.1/../../../../arm-none-eabi/lib/thumb/v7-m/nofp\libc_nano.a(libc_a-memcpy-stub.o)
                0x0800cd32                memcpy
 *fill*         0x0800cd4e        0x2 
 .text._free_r  0x0800cd50       0x90 D:/STM32CubeIDE_1.16.0/STM32CubeIDE/plugins/com.st.stm32cube.ide.mcu.externaltools.gnu-tools-for-stm32.12.3.rel1.win32_1.1.0.202410251130/tools/bin/../lib/gcc/arm-none-eabi/12.3.1/../../../../arm-none-eabi/lib/thumb/v7-m/nofp\libc_nano.a(libc_a-freer.o)
                0x0800cd50                _free_r
 .text.sbrk_aligned
                0x0800cde0       0x44 D:/STM32CubeIDE_1.16.0/STM32CubeIDE/plugins/com.st.stm32cube.ide.mcu.externaltools.gnu-tools-for-stm32.12.3.rel1.win32_1.1.0.202410251130/tools/bin/../lib/gcc/arm-none-eabi/12.3.1/../../../../arm-none-eabi/lib/thumb/v7-m/nofp\libc_nano.a(libc_a-mallocr.o)
 .text._malloc_r
                0x0800ce24      0x100 D:/STM32CubeIDE_1.16.0/STM32CubeIDE/plugins/com.st.stm32cube.ide.mcu.externaltools.gnu-tools-for-stm32.12.3.rel1.win32_1.1.0.202410251130/tools/bin/../lib/gcc/arm-none-eabi/12.3.1/../../../../arm-none-eabi/lib/thumb/v7-m/nofp\libc_nano.a(libc_a-mallocr.o)
                0x0800ce24                _malloc_r
 .text.__malloc_lock
                0x0800cf24        0xc D:/STM32CubeIDE_1.16.0/STM32CubeIDE/plugins/com.st.stm32cube.ide.mcu.externaltools.gnu-tools-for-stm32.12.3.rel1.win32_1.1.0.202410251130/tools/bin/../lib/gcc/arm-none-eabi/12.3.1/../../../../arm-none-eabi/lib/thumb/v7-m/nofp\libc_nano.a(libc_a-mlock.o)
                0x0800cf24                __malloc_lock
 .text.__malloc_unlock
                0x0800cf30        0xc D:/STM32CubeIDE_1.16.0/STM32CubeIDE/plugins/com.st.stm32cube.ide.mcu.externaltools.gnu-tools-for-stm32.12.3.rel1.win32_1.1.0.202410251130/tools/bin/../lib/gcc/arm-none-eabi/12.3.1/../../../../arm-none-eabi/lib/thumb/v7-m/nofp\libc_nano.a(libc_a-mlock.o)
                0x0800cf30                __malloc_unlock
 .text.__sfputc_r
                0x0800cf3c       0x2a D:/STM32CubeIDE_1.16.0/STM32CubeIDE/plugins/com.st.stm32cube.ide.mcu.externaltools.gnu-tools-for-stm32.12.3.rel1.win32_1.1.0.202410251130/tools/bin/../lib/gcc/arm-none-eabi/12.3.1/../../../../arm-none-eabi/lib/thumb/v7-m/nofp\libc_nano.a(libc_a-nano-vfprintf.o)
 .text.__sfputs_r
                0x0800cf66       0x24 D:/STM32CubeIDE_1.16.0/STM32CubeIDE/plugins/com.st.stm32cube.ide.mcu.externaltools.gnu-tools-for-stm32.12.3.rel1.win32_1.1.0.202410251130/tools/bin/../lib/gcc/arm-none-eabi/12.3.1/../../../../arm-none-eabi/lib/thumb/v7-m/nofp\libc_nano.a(libc_a-nano-vfprintf.o)
                0x0800cf66                __sfputs_r
 *fill*         0x0800cf8a        0x2 
 .text._vfprintf_r
                0x0800cf8c      0x230 D:/STM32CubeIDE_1.16.0/STM32CubeIDE/plugins/com.st.stm32cube.ide.mcu.externaltools.gnu-tools-for-stm32.12.3.rel1.win32_1.1.0.202410251130/tools/bin/../lib/gcc/arm-none-eabi/12.3.1/../../../../arm-none-eabi/lib/thumb/v7-m/nofp\libc_nano.a(libc_a-nano-vfprintf.o)
                0x0800cf8c                _vfprintf_r
                0x0800cf8c                _vfiprintf_r
 .text._printf_common
                0x0800d1bc       0xe4 D:/STM32CubeIDE_1.16.0/STM32CubeIDE/plugins/com.st.stm32cube.ide.mcu.externaltools.gnu-tools-for-stm32.12.3.rel1.win32_1.1.0.202410251130/tools/bin/../lib/gcc/arm-none-eabi/12.3.1/../../../../arm-none-eabi/lib/thumb/v7-m/nofp\libc_nano.a(libc_a-nano-vfprintf_i.o)
                0x0800d1bc                _printf_common
 .text._printf_i
                0x0800d2a0      0x240 D:/STM32CubeIDE_1.16.0/STM32CubeIDE/plugins/com.st.stm32cube.ide.mcu.externaltools.gnu-tools-for-stm32.12.3.rel1.win32_1.1.0.202410251130/tools/bin/../lib/gcc/arm-none-eabi/12.3.1/../../../../arm-none-eabi/lib/thumb/v7-m/nofp\libc_nano.a(libc_a-nano-vfprintf_i.o)
                0x0800d2a0                _printf_i
 .text.__sflush_r
                0x0800d4e0      0x100 D:/STM32CubeIDE_1.16.0/STM32CubeIDE/plugins/com.st.stm32cube.ide.mcu.externaltools.gnu-tools-for-stm32.12.3.rel1.win32_1.1.0.202410251130/tools/bin/../lib/gcc/arm-none-eabi/12.3.1/../../../../arm-none-eabi/lib/thumb/v7-m/nofp\libc_nano.a(libc_a-fflush.o)
                0x0800d4e0                __sflush_r
 .text._fflush_r
                0x0800d5e0       0x50 D:/STM32CubeIDE_1.16.0/STM32CubeIDE/plugins/com.st.stm32cube.ide.mcu.externaltools.gnu-tools-for-stm32.12.3.rel1.win32_1.1.0.202410251130/tools/bin/../lib/gcc/arm-none-eabi/12.3.1/../../../../arm-none-eabi/lib/thumb/v7-m/nofp\libc_nano.a(libc_a-fflush.o)
                0x0800d5e0                _fflush_r
 .text.__swhatbuf_r
                0x0800d630       0x4a D:/STM32CubeIDE_1.16.0/STM32CubeIDE/plugins/com.st.stm32cube.ide.mcu.externaltools.gnu-tools-for-stm32.12.3.rel1.win32_1.1.0.202410251130/tools/bin/../lib/gcc/arm-none-eabi/12.3.1/../../../../arm-none-eabi/lib/thumb/v7-m/nofp\libc_nano.a(libc_a-makebuf.o)
                0x0800d630                __swhatbuf_r
 .text.__smakebuf_r
                0x0800d67a       0x78 D:/STM32CubeIDE_1.16.0/STM32CubeIDE/plugins/com.st.stm32cube.ide.mcu.externaltools.gnu-tools-for-stm32.12.3.rel1.win32_1.1.0.202410251130/tools/bin/../lib/gcc/arm-none-eabi/12.3.1/../../../../arm-none-eabi/lib/thumb/v7-m/nofp\libc_nano.a(libc_a-makebuf.o)
                0x0800d67a                __smakebuf_r
 *fill*         0x0800d6f2        0x2 
 .text._fstat_r
                0x0800d6f4       0x24 D:/STM32CubeIDE_1.16.0/STM32CubeIDE/plugins/com.st.stm32cube.ide.mcu.externaltools.gnu-tools-for-stm32.12.3.rel1.win32_1.1.0.202410251130/tools/bin/../lib/gcc/arm-none-eabi/12.3.1/../../../../arm-none-eabi/lib/thumb/v7-m/nofp\libc_nano.a(libc_a-fstatr.o)
                0x0800d6f4                _fstat_r
 .text._isatty_r
                0x0800d718       0x20 D:/STM32CubeIDE_1.16.0/STM32CubeIDE/plugins/com.st.stm32cube.ide.mcu.externaltools.gnu-tools-for-stm32.12.3.rel1.win32_1.1.0.202410251130/tools/bin/../lib/gcc/arm-none-eabi/12.3.1/../../../../arm-none-eabi/lib/thumb/v7-m/nofp\libc_nano.a(libc_a-isattyr.o)
                0x0800d718                _isatty_r
 .text._sbrk_r  0x0800d738       0x20 D:/STM32CubeIDE_1.16.0/STM32CubeIDE/plugins/com.st.stm32cube.ide.mcu.externaltools.gnu-tools-for-stm32.12.3.rel1.win32_1.1.0.202410251130/tools/bin/../lib/gcc/arm-none-eabi/12.3.1/../../../../arm-none-eabi/lib/thumb/v7-m/nofp\libc_nano.a(libc_a-sbrkr.o)
                0x0800d738                _sbrk_r
 .text.memchr   0x0800d758       0x1c D:/STM32CubeIDE_1.16.0/STM32CubeIDE/plugins/com.st.stm32cube.ide.mcu.externaltools.gnu-tools-for-stm32.12.3.rel1.win32_1.1.0.202410251130/tools/bin/../lib/gcc/arm-none-eabi/12.3.1/../../../../arm-none-eabi/lib/thumb/v7-m/nofp\libc_nano.a(libc_a-memchr-stub.o)
                0x0800d758                memchr
 *(.glue_7)
 .glue_7        0x0800d774        0x0 linker stubs
 *(.glue_7t)
 .glue_7t       0x0800d774        0x0 linker stubs
 *(.eh_frame)
 .eh_frame      0x0800d774        0x0 D:/STM32CubeIDE_1.16.0/STM32CubeIDE/plugins/com.st.stm32cube.ide.mcu.externaltools.gnu-tools-for-stm32.12.3.rel1.win32_1.1.0.202410251130/tools/bin/../lib/gcc/arm-none-eabi/12.3.1/thumb/v7-m/nofp/crtbegin.o
 *(.init)
 .init          0x0800d774        0x4 D:/STM32CubeIDE_1.16.0/STM32CubeIDE/plugins/com.st.stm32cube.ide.mcu.externaltools.gnu-tools-for-stm32.12.3.rel1.win32_1.1.0.202410251130/tools/bin/../lib/gcc/arm-none-eabi/12.3.1/thumb/v7-m/nofp/crti.o
                0x0800d774                _init
 .init          0x0800d778        0x8 D:/STM32CubeIDE_1.16.0/STM32CubeIDE/plugins/com.st.stm32cube.ide.mcu.externaltools.gnu-tools-for-stm32.12.3.rel1.win32_1.1.0.202410251130/tools/bin/../lib/gcc/arm-none-eabi/12.3.1/thumb/v7-m/nofp/crtn.o
 *(.fini)
 .fini          0x0800d780        0x4 D:/STM32CubeIDE_1.16.0/STM32CubeIDE/plugins/com.st.stm32cube.ide.mcu.externaltools.gnu-tools-for-stm32.12.3.rel1.win32_1.1.0.202410251130/tools/bin/../lib/gcc/arm-none-eabi/12.3.1/thumb/v7-m/nofp/crti.o
                0x0800d780                _fini
 .fini          0x0800d784        0x8 D:/STM32CubeIDE_1.16.0/STM32CubeIDE/plugins/com.st.stm32cube.ide.mcu.externaltools.gnu-tools-for-stm32.12.3.rel1.win32_1.1.0.202410251130/tools/bin/../lib/gcc/arm-none-eabi/12.3.1/thumb/v7-m/nofp/crtn.o
                0x0800d78c                        . = ALIGN (0x4)
                0x0800d78c                        _etext = .

.vfp11_veneer   0x0800d78c        0x0
 .vfp11_veneer  0x0800d78c        0x0 linker stubs

.v4_bx          0x0800d78c        0x0
 .v4_bx         0x0800d78c        0x0 linker stubs

.iplt           0x0800d78c        0x0
 .iplt          0x0800d78c        0x0 D:/STM32CubeIDE_1.16.0/STM32CubeIDE/plugins/com.st.stm32cube.ide.mcu.externaltools.gnu-tools-for-stm32.12.3.rel1.win32_1.1.0.202410251130/tools/bin/../lib/gcc/arm-none-eabi/12.3.1/thumb/v7-m/nofp/crtbegin.o

.rodata         0x0800d78c      0x1c8
                0x0800d78c                        . = ALIGN (0x4)
 *(.rodata)
 .rodata        0x0800d78c       0xc0 ./Core/Src/main.o
 .rodata        0x0800d84c        0x5 ./Middlewares/Third_Party/FreeRTOS/Source/tasks.o
 *fill*         0x0800d851        0x3 
 .rodata        0x0800d854        0xd ./Middlewares/Third_Party/FreeRTOS/Source/timers.o
 *fill*         0x0800d861        0x3 
 .rodata        0x0800d864       0x46 ./USB_DEVICE/App/usbd_desc.o
 *(.rodata*)
 *fill*         0x0800d8aa        0x2 
 .rodata.TempTask_attributes
                0x0800d8ac       0x24 ./Core/Src/main.o
                0x0800d8ac                TempTask_attributes
 .rodata.AccTask_attributes
                0x0800d8d0       0x24 ./Core/Src/main.o
                0x0800d8d0                AccTask_attributes
 .rodata.AHBPrescTable
                0x0800d8f4       0x10 ./Core/Src/system_stm32f1xx.o
                0x0800d8f4                AHBPrescTable
 .rodata.APBPrescTable
                0x0800d904        0x8 ./Core/Src/system_stm32f1xx.o
                0x0800d904                APBPrescTable
 .rodata.aPLLMULFactorTable.1
                0x0800d90c       0x10 ./Drivers/STM32F1xx_HAL_Driver/Src/stm32f1xx_hal_rcc.o
 .rodata.aPredivFactorTable.0
                0x0800d91c        0x2 ./Drivers/STM32F1xx_HAL_Driver/Src/stm32f1xx_hal_rcc.o
 .rodata._vfprintf_r.str1.1
                0x0800d91e       0x11 D:/STM32CubeIDE_1.16.0/STM32CubeIDE/plugins/com.st.stm32cube.ide.mcu.externaltools.gnu-tools-for-stm32.12.3.rel1.win32_1.1.0.202410251130/tools/bin/../lib/gcc/arm-none-eabi/12.3.1/../../../../arm-none-eabi/lib/thumb/v7-m/nofp\libc_nano.a(libc_a-nano-vfprintf.o)
 .rodata._printf_i.str1.1
                0x0800d92f       0x22 D:/STM32CubeIDE_1.16.0/STM32CubeIDE/plugins/com.st.stm32cube.ide.mcu.externaltools.gnu-tools-for-stm32.12.3.rel1.win32_1.1.0.202410251130/tools/bin/../lib/gcc/arm-none-eabi/12.3.1/../../../../arm-none-eabi/lib/thumb/v7-m/nofp\libc_nano.a(libc_a-nano-vfprintf_i.o)
                0x0800d954                        . = ALIGN (0x4)
 *fill*         0x0800d951        0x3 

.ARM.extab      0x0800d954        0x0
                0x0800d954                        . = ALIGN (0x4)
 *(.ARM.extab* .gnu.linkonce.armextab.*)
                0x0800d954                        . = ALIGN (0x4)

.ARM            0x0800d954        0x8
                0x0800d954                        . = ALIGN (0x4)
                0x0800d954                        __exidx_start = .
 *(.ARM.exidx*)
 .ARM.exidx     0x0800d954        0x8 D:/STM32CubeIDE_1.16.0/STM32CubeIDE/plugins/com.st.stm32cube.ide.mcu.externaltools.gnu-tools-for-stm32.12.3.rel1.win32_1.1.0.202410251130/tools/bin/../lib/gcc/arm-none-eabi/12.3.1/../../../../arm-none-eabi/lib/thumb/v7-m/nofp\libc_nano.a(libc_a-strcmp.o)
                0x0800d95c                        __exidx_end = .
                0x0800d95c                        . = ALIGN (0x4)

.preinit_array  0x0800d95c        0x0
                0x0800d95c                        . = ALIGN (0x4)
                0x0800d95c                        PROVIDE (__preinit_array_start = .)
 *(.preinit_array*)
                0x0800d95c                        PROVIDE (__preinit_array_end = .)
                0x0800d95c                        . = ALIGN (0x4)

.init_array     0x0800d95c        0x4
                0x0800d95c                        . = ALIGN (0x4)
                0x0800d95c                        PROVIDE (__init_array_start = .)
 *(SORT_BY_NAME(.init_array.*))
 *(.init_array*)
 .init_array    0x0800d95c        0x4 D:/STM32CubeIDE_1.16.0/STM32CubeIDE/plugins/com.st.stm32cube.ide.mcu.externaltools.gnu-tools-for-stm32.12.3.rel1.win32_1.1.0.202410251130/tools/bin/../lib/gcc/arm-none-eabi/12.3.1/thumb/v7-m/nofp/crtbegin.o
                0x0800d960                        PROVIDE (__init_array_end = .)
                0x0800d960                        . = ALIGN (0x4)

.fini_array     0x0800d960        0x4
                0x0800d960                        . = ALIGN (0x4)
                [!provide]                        PROVIDE (__fini_array_start = .)
 *(SORT_BY_NAME(.fini_array.*))
 *(.fini_array*)
 .fini_array    0x0800d960        0x4 D:/STM32CubeIDE_1.16.0/STM32CubeIDE/plugins/com.st.stm32cube.ide.mcu.externaltools.gnu-tools-for-stm32.12.3.rel1.win32_1.1.0.202410251130/tools/bin/../lib/gcc/arm-none-eabi/12.3.1/thumb/v7-m/nofp/crtbegin.o
                [!provide]                        PROVIDE (__fini_array_end = .)
                0x0800d964                        . = ALIGN (0x4)
                0x0800d964                        _sidata = LOADADDR (.data)

.rel.dyn        0x0800d964        0x0
 .rel.iplt      0x0800d964        0x0 D:/STM32CubeIDE_1.16.0/STM32CubeIDE/plugins/com.st.stm32cube.ide.mcu.externaltools.gnu-tools-for-stm32.12.3.rel1.win32_1.1.0.202410251130/tools/bin/../lib/gcc/arm-none-eabi/12.3.1/thumb/v7-m/nofp/crtbegin.o

.data           0x20000000      0x1fc load address 0x0800d964
                0x20000000                        . = ALIGN (0x4)
                0x20000000                        _sdata = .
 *(.data)
 *(.data*)
 .data.tasks    0x20000000       0x20 ./Core/Src/main.o
                0x20000000                tasks
 .data.SystemCoreClock
                0x20000020        0x4 ./Core/Src/system_stm32f1xx.o
                0x20000020                SystemCoreClock
 .data.uwTickPrio
                0x20000024        0x4 ./Drivers/STM32F1xx_HAL_Driver/Src/stm32f1xx_hal.o
                0x20000024                uwTickPrio
 .data.uwTickFreq
                0x20000028        0x1 ./Drivers/STM32F1xx_HAL_Driver/Src/stm32f1xx_hal.o
                0x20000028                uwTickFreq
 *fill*         0x20000029        0x3 
 .data.USBD_CDC_DeviceQualifierDesc
                0x2000002c        0xa ./Middlewares/ST/STM32_USB_Device_Library/Class/CDC/Src/usbd_cdc.o
 *fill*         0x20000036        0x2 
 .data.USBD_CDC
                0x20000038       0x38 ./Middlewares/ST/STM32_USB_Device_Library/Class/CDC/Src/usbd_cdc.o
                0x20000038                USBD_CDC
 .data.USBD_CDC_CfgHSDesc
                0x20000070       0x43 ./Middlewares/ST/STM32_USB_Device_Library/Class/CDC/Src/usbd_cdc.o
                0x20000070                USBD_CDC_CfgHSDesc
 *fill*         0x200000b3        0x1 
 .data.USBD_CDC_CfgFSDesc
                0x200000b4       0x43 ./Middlewares/ST/STM32_USB_Device_Library/Class/CDC/Src/usbd_cdc.o
                0x200000b4                USBD_CDC_CfgFSDesc
 *fill*         0x200000f7        0x1 
 .data.USBD_CDC_OtherSpeedCfgDesc
                0x200000f8       0x43 ./Middlewares/ST/STM32_USB_Device_Library/Class/CDC/Src/usbd_cdc.o
                0x200000f8                USBD_CDC_OtherSpeedCfgDesc
 *fill*         0x2000013b        0x1 
 .data.uxCriticalNesting
                0x2000013c        0x4 ./Middlewares/Third_Party/FreeRTOS/Source/portable/GCC/ARM_CM3/port.o
 .data.USBD_Interface_fops_FS
                0x20000140       0x10 ./USB_DEVICE/App/usbd_cdc_if.o
                0x20000140                USBD_Interface_fops_FS
 .data.FS_Desc  0x20000150       0x1c ./USB_DEVICE/App/usbd_desc.o
                0x20000150                FS_Desc
 .data.USBD_FS_DeviceDesc
                0x2000016c       0x12 ./USB_DEVICE/App/usbd_desc.o
                0x2000016c                USBD_FS_DeviceDesc
 *fill*         0x2000017e        0x2 
 .data.USBD_LangIDDesc
                0x20000180        0x4 ./USB_DEVICE/App/usbd_desc.o
                0x20000180                USBD_LangIDDesc
 .data.USBD_StringSerial
                0x20000184       0x1a ./USB_DEVICE/App/usbd_desc.o
                0x20000184                USBD_StringSerial
 *fill*         0x2000019e        0x2 
 .data.__sglue  0x200001a0        0xc D:/STM32CubeIDE_1.16.0/STM32CubeIDE/plugins/com.st.stm32cube.ide.mcu.externaltools.gnu-tools-for-stm32.12.3.rel1.win32_1.1.0.202410251130/tools/bin/../lib/gcc/arm-none-eabi/12.3.1/../../../../arm-none-eabi/lib/thumb/v7-m/nofp\libc_nano.a(libc_a-findfp.o)
                0x200001a0                __sglue
 .data._impure_ptr
                0x200001ac        0x4 D:/STM32CubeIDE_1.16.0/STM32CubeIDE/plugins/com.st.stm32cube.ide.mcu.externaltools.gnu-tools-for-stm32.12.3.rel1.win32_1.1.0.202410251130/tools/bin/../lib/gcc/arm-none-eabi/12.3.1/../../../../arm-none-eabi/lib/thumb/v7-m/nofp\libc_nano.a(libc_a-impure.o)
                0x200001ac                _impure_ptr
 .data._impure_data
                0x200001b0       0x4c D:/STM32CubeIDE_1.16.0/STM32CubeIDE/plugins/com.st.stm32cube.ide.mcu.externaltools.gnu-tools-for-stm32.12.3.rel1.win32_1.1.0.202410251130/tools/bin/../lib/gcc/arm-none-eabi/12.3.1/../../../../arm-none-eabi/lib/thumb/v7-m/nofp\libc_nano.a(libc_a-impure.o)
                0x200001b0                _impure_data
 *(.RamFunc)
 *(.RamFunc*)
                0x200001fc                        . = ALIGN (0x4)
                0x200001fc                        _edata = .

.igot.plt       0x200001fc        0x0 load address 0x0800db60
 .igot.plt      0x200001fc        0x0 D:/STM32CubeIDE_1.16.0/STM32CubeIDE/plugins/com.st.stm32cube.ide.mcu.externaltools.gnu-tools-for-stm32.12.3.rel1.win32_1.1.0.202410251130/tools/bin/../lib/gcc/arm-none-eabi/12.3.1/thumb/v7-m/nofp/crtbegin.o
                0x200001fc                        . = ALIGN (0x4)

.bss            0x200001fc     0x2e18 load address 0x0800db60
                0x200001fc                        _sbss = .
                0x200001fc                        __bss_start__ = _sbss
 *(.bss)
 .bss           0x200001fc       0x1c D:/STM32CubeIDE_1.16.0/STM32CubeIDE/plugins/com.st.stm32cube.ide.mcu.externaltools.gnu-tools-for-stm32.12.3.rel1.win32_1.1.0.202410251130/tools/bin/../lib/gcc/arm-none-eabi/12.3.1/thumb/v7-m/nofp/crtbegin.o
 *(.bss*)
 .bss.Accel_X_RAW
                0x20000218        0x2 ./Core/Src/main.o
                0x20000218                Accel_X_RAW
 .bss.Accel_Y_RAW
                0x2000021a        0x2 ./Core/Src/main.o
                0x2000021a                Accel_Y_RAW
 .bss.Accel_Z_RAW
                0x2000021c        0x2 ./Core/Src/main.o
                0x2000021c                Accel_Z_RAW
 *fill*         0x2000021e        0x2 
 .bss.Ax        0x20000220        0x4 ./Core/Src/main.o
                0x20000220                Ax
 .bss.Ay        0x20000224        0x4 ./Core/Src/main.o
                0x20000224                Ay
 .bss.Az        0x20000228        0x4 ./Core/Src/main.o
                0x20000228                Az
 .bss.temp      0x2000022c        0x4 ./Core/Src/main.o
                0x2000022c                temp
 .bss.status1   0x20000230        0x1 ./Core/Src/main.o
                0x20000230                status1
 .bss.status2   0x20000231        0x1 ./Core/Src/main.o
                0x20000231                status2
 *fill*         0x20000232        0x2 
 .bss.usb_rx_buffer
                0x20000234       0x40 ./Core/Src/main.o
                0x20000234                usb_rx_buffer
 .bss.hi2c1     0x20000274       0x54 ./Core/Src/main.o
                0x20000274                hi2c1
 .bss.TempTaskHandle
                0x200002c8        0x4 ./Core/Src/main.o
                0x200002c8                TempTaskHandle
 .bss.AccTaskHandle
                0x200002cc        0x4 ./Core/Src/main.o
                0x200002cc                AccTaskHandle
 .bss.htim1     0x200002d0       0x48 ./Core/Src/stm32f1xx_hal_timebase_tim.o
                0x200002d0                htim1
 .bss.__sbrk_heap_end
                0x20000318        0x4 ./Core/Src/sysmem.o
 .bss.uwTick    0x2000031c        0x4 ./Drivers/STM32F1xx_HAL_Driver/Src/stm32f1xx_hal.o
                0x2000031c                uwTick
 .bss.cfgidx.0  0x20000320        0x1 ./Middlewares/ST/STM32_USB_Device_Library/Core/Src/usbd_ctlreq.o
 *fill*         0x20000321        0x3 
 .bss.KernelState
                0x20000324        0x4 ./Middlewares/Third_Party/FreeRTOS/Source/CMSIS_RTOS_V2/cmsis_os2.o
 .bss.Idle_TCB.3
                0x20000328       0xa8 ./Middlewares/Third_Party/FreeRTOS/Source/CMSIS_RTOS_V2/cmsis_os2.o
 .bss.Idle_Stack.2
                0x200003d0      0x200 ./Middlewares/Third_Party/FreeRTOS/Source/CMSIS_RTOS_V2/cmsis_os2.o
 .bss.Timer_TCB.1
                0x200005d0       0xa8 ./Middlewares/Third_Party/FreeRTOS/Source/CMSIS_RTOS_V2/cmsis_os2.o
 .bss.Timer_Stack.0
                0x20000678      0x400 ./Middlewares/Third_Party/FreeRTOS/Source/CMSIS_RTOS_V2/cmsis_os2.o
 .bss.xQueueRegistry
                0x20000a78       0x40 ./Middlewares/Third_Party/FreeRTOS/Source/queue.o
                0x20000a78                xQueueRegistry
 .bss.pxCurrentTCB
                0x20000ab8        0x4 ./Middlewares/Third_Party/FreeRTOS/Source/tasks.o
                0x20000ab8                pxCurrentTCB
 .bss.pxReadyTasksLists
                0x20000abc      0x460 ./Middlewares/Third_Party/FreeRTOS/Source/tasks.o
 .bss.xDelayedTaskList1
                0x20000f1c       0x14 ./Middlewares/Third_Party/FreeRTOS/Source/tasks.o
 .bss.xDelayedTaskList2
                0x20000f30       0x14 ./Middlewares/Third_Party/FreeRTOS/Source/tasks.o
 .bss.pxDelayedTaskList
                0x20000f44        0x4 ./Middlewares/Third_Party/FreeRTOS/Source/tasks.o
 .bss.pxOverflowDelayedTaskList
                0x20000f48        0x4 ./Middlewares/Third_Party/FreeRTOS/Source/tasks.o
 .bss.xPendingReadyList
                0x20000f4c       0x14 ./Middlewares/Third_Party/FreeRTOS/Source/tasks.o
 .bss.xTasksWaitingTermination
                0x20000f60       0x14 ./Middlewares/Third_Party/FreeRTOS/Source/tasks.o
 .bss.uxDeletedTasksWaitingCleanUp
                0x20000f74        0x4 ./Middlewares/Third_Party/FreeRTOS/Source/tasks.o
 .bss.xSuspendedTaskList
                0x20000f78       0x14 ./Middlewares/Third_Party/FreeRTOS/Source/tasks.o
 .bss.uxCurrentNumberOfTasks
                0x20000f8c        0x4 ./Middlewares/Third_Party/FreeRTOS/Source/tasks.o
 .bss.xTickCount
                0x20000f90        0x4 ./Middlewares/Third_Party/FreeRTOS/Source/tasks.o
 .bss.uxTopReadyPriority
                0x20000f94        0x4 ./Middlewares/Third_Party/FreeRTOS/Source/tasks.o
 .bss.xSchedulerRunning
                0x20000f98        0x4 ./Middlewares/Third_Party/FreeRTOS/Source/tasks.o
 .bss.xPendedTicks
                0x20000f9c        0x4 ./Middlewares/Third_Party/FreeRTOS/Source/tasks.o
 .bss.xYieldPending
                0x20000fa0        0x4 ./Middlewares/Third_Party/FreeRTOS/Source/tasks.o
 .bss.xNumOfOverflows
                0x20000fa4        0x4 ./Middlewares/Third_Party/FreeRTOS/Source/tasks.o
 .bss.uxTaskNumber
                0x20000fa8        0x4 ./Middlewares/Third_Party/FreeRTOS/Source/tasks.o
 .bss.xNextTaskUnblockTime
                0x20000fac        0x4 ./Middlewares/Third_Party/FreeRTOS/Source/tasks.o
 .bss.xIdleTaskHandle
                0x20000fb0        0x4 ./Middlewares/Third_Party/FreeRTOS/Source/tasks.o
 .bss.uxSchedulerSuspended
                0x20000fb4        0x4 ./Middlewares/Third_Party/FreeRTOS/Source/tasks.o
 .bss.xActiveTimerList1
                0x20000fb8       0x14 ./Middlewares/Third_Party/FreeRTOS/Source/timers.o
 .bss.xActiveTimerList2
                0x20000fcc       0x14 ./Middlewares/Third_Party/FreeRTOS/Source/timers.o
 .bss.pxCurrentTimerList
                0x20000fe0        0x4 ./Middlewares/Third_Party/FreeRTOS/Source/timers.o
 .bss.pxOverflowTimerList
                0x20000fe4        0x4 ./Middlewares/Third_Party/FreeRTOS/Source/timers.o
 .bss.xTimerQueue
                0x20000fe8        0x4 ./Middlewares/Third_Party/FreeRTOS/Source/timers.o
 .bss.xTimerTaskHandle
                0x20000fec        0x4 ./Middlewares/Third_Party/FreeRTOS/Source/timers.o
 .bss.xLastTime.2
                0x20000ff0        0x4 ./Middlewares/Third_Party/FreeRTOS/Source/timers.o
 .bss.ucStaticTimerQueueStorage.1
                0x20000ff4       0xa0 ./Middlewares/Third_Party/FreeRTOS/Source/timers.o
 .bss.xStaticTimerQueue.0
                0x20001094       0x50 ./Middlewares/Third_Party/FreeRTOS/Source/timers.o
 .bss.ucMaxSysCallPriority
                0x200010e4        0x1 ./Middlewares/Third_Party/FreeRTOS/Source/portable/GCC/ARM_CM3/port.o
 *fill*         0x200010e5        0x3 
 .bss.ulMaxPRIGROUPValue
                0x200010e8        0x4 ./Middlewares/Third_Party/FreeRTOS/Source/portable/GCC/ARM_CM3/port.o
 .bss.ucHeap    0x200010ec      0xc00 ./Middlewares/Third_Party/FreeRTOS/Source/portable/MemMang/heap_4.o
 .bss.xStart    0x20001cec        0x8 ./Middlewares/Third_Party/FreeRTOS/Source/portable/MemMang/heap_4.o
 .bss.pxEnd     0x20001cf4        0x4 ./Middlewares/Third_Party/FreeRTOS/Source/portable/MemMang/heap_4.o
 .bss.xFreeBytesRemaining
                0x20001cf8        0x4 ./Middlewares/Third_Party/FreeRTOS/Source/portable/MemMang/heap_4.o
 .bss.xMinimumEverFreeBytesRemaining
                0x20001cfc        0x4 ./Middlewares/Third_Party/FreeRTOS/Source/portable/MemMang/heap_4.o
 .bss.xNumberOfSuccessfulAllocations
                0x20001d00        0x4 ./Middlewares/Third_Party/FreeRTOS/Source/portable/MemMang/heap_4.o
 .bss.xNumberOfSuccessfulFrees
                0x20001d04        0x4 ./Middlewares/Third_Party/FreeRTOS/Source/portable/MemMang/heap_4.o
 .bss.xBlockAllocatedBit
                0x20001d08        0x4 ./Middlewares/Third_Party/FreeRTOS/Source/portable/MemMang/heap_4.o
 .bss.hUsbDeviceFS