../Core/Inc/SON_CDC_Logger.h:55:1:__io_putchar	16	static
../Core/Inc/SON_CDC_Logger.h:73:16:SON_Log	16	static
../Core/Inc/SON_I2C_MPU6050.h:78:13:MPU6050_Init	32	static
../Core/Inc/SON_I2C_MPU6050.h:100:13:MPU6050_Read_Accel	32	static
../Core/Inc/SON_I2C_MPU6050.h:121:13:MPU6050_Read_Gyro	32	static
../Core/Src/main.c:88:6:CDC_ReceiveCallback	16	static
../Core/Src/main.c:104:10:getCurrentTimeMs	8	static
../Core/Src/main.c:108:6:updateTaskDeadlines	24	static
../Core/Src/main.c:117:5:getNextTask	24	static
../Core/Src/main.c:142:6:runEDF	32	static
../Core/Src/main.c:181:5:main	8	static
../Core/Src/main.c:278:6:SystemClock_Config	88	static
../Core/Src/main.c:325:13:MX_I2C1_Init	8	static
../Core/Src/main.c:359:13:MX_GPIO_Init	40	static
../Core/Src/main.c:395:6:GetTempTask	16	static
../Core/Src/main.c:421:6:GetAccTask	24	static
../Core/Src/main.c:447:6:HAL_TIM_PeriodElapsedCallback	16	static
../Core/Src/main.c:464:6:Error_Handler	4	static,ignoring_inline_asm
