../Core/Inc/SON_CDC_Logger.h:55:1:__io_putchar	16	static
../Core/Inc/SON_CDC_Logger.h:73:16:SON_Log	16	static
../Core/Inc/SON_I2C_MPU6050.h:78:13:MPU6050_Init	32	static
../Core/Inc/SON_I2C_MPU6050.h:100:13:MPU6050_Read_Accel	32	static
../Core/Inc/SON_I2C_MPU6050.h:121:13:MPU6050_Read_Gyro	32	static
../Core/Src/main.c:53:6:isQueueEmpty	4	static
../Core/Src/main.c:58:6:isQueueFull	4	static
../Core/Src/main.c:63:6:enqueue	16	static
../Core/Src/main.c:78:7:dequeue	16	static
../Core/Src/main.c:97:6:handleTask1	8	static
../Core/Src/main.c:105:6:handleTask2	8	static
../Core/Src/main.c:113:6:eventScheduler	16	static
../Core/Src/main.c:173:5:main	8	static
../Core/Src/main.c:230:6:SystemClock_Config	88	static
../Core/Src/main.c:277:13:MX_I2C1_Init	8	static
../Core/Src/main.c:311:13:MX_GPIO_Init	40	static
../Core/Src/main.c:344:6:Error_Handler	4	static,ignoring_inline_asm
